Archive member included to satisfy reference by file (symbol)

C:/ST/STM32CubeIDE_1.19.0/STM32CubeIDE/plugins/com.st.stm32cube.ide.mcu.externaltools.gnu-tools-for-stm32.13.3.rel1.win32_1.0.0.202411081344/tools/bin/../lib/gcc/arm-none-eabi/13.3.1/../../../../arm-none-eabi/lib/thumb/v7e-m+fp/hard\libc_nano.a(libc_a-exit.o)
                              C:/ST/STM32CubeIDE_1.19.0/STM32CubeIDE/plugins/com.st.stm32cube.ide.mcu.externaltools.gnu-tools-for-stm32.13.3.rel1.win32_1.0.0.202411081344/tools/bin/../lib/gcc/arm-none-eabi/13.3.1/../../../../arm-none-eabi/lib/thumb/v7e-m+fp/hard/crt0.o (exit)
C:/ST/STM32CubeIDE_1.19.0/STM32CubeIDE/plugins/com.st.stm32cube.ide.mcu.externaltools.gnu-tools-for-stm32.13.3.rel1.win32_1.0.0.202411081344/tools/bin/../lib/gcc/arm-none-eabi/13.3.1/../../../../arm-none-eabi/lib/thumb/v7e-m+fp/hard\libc_nano.a(libc_a-findfp.o)
                              C:/ST/STM32CubeIDE_1.19.0/STM32CubeIDE/plugins/com.st.stm32cube.ide.mcu.externaltools.gnu-tools-for-stm32.13.3.rel1.win32_1.0.0.202411081344/tools/bin/../lib/gcc/arm-none-eabi/13.3.1/../../../../arm-none-eabi/lib/thumb/v7e-m+fp/hard\libc_nano.a(libc_a-exit.o) (__stdio_exit_handler)
C:/ST/STM32CubeIDE_1.19.0/STM32CubeIDE/plugins/com.st.stm32cube.ide.mcu.externaltools.gnu-tools-for-stm32.13.3.rel1.win32_1.0.0.202411081344/tools/bin/../lib/gcc/arm-none-eabi/13.3.1/../../../../arm-none-eabi/lib/thumb/v7e-m+fp/hard\libc_nano.a(libc_a-fwalk.o)
                              C:/ST/STM32CubeIDE_1.19.0/STM32CubeIDE/plugins/com.st.stm32cube.ide.mcu.externaltools.gnu-tools-for-stm32.13.3.rel1.win32_1.0.0.202411081344/tools/bin/../lib/gcc/arm-none-eabi/13.3.1/../../../../arm-none-eabi/lib/thumb/v7e-m+fp/hard\libc_nano.a(libc_a-findfp.o) (_fwalk_sglue)
C:/ST/STM32CubeIDE_1.19.0/STM32CubeIDE/plugins/com.st.stm32cube.ide.mcu.externaltools.gnu-tools-for-stm32.13.3.rel1.win32_1.0.0.202411081344/tools/bin/../lib/gcc/arm-none-eabi/13.3.1/../../../../arm-none-eabi/lib/thumb/v7e-m+fp/hard\libc_nano.a(libc_a-stdio.o)
                              C:/ST/STM32CubeIDE_1.19.0/STM32CubeIDE/plugins/com.st.stm32cube.ide.mcu.externaltools.gnu-tools-for-stm32.13.3.rel1.win32_1.0.0.202411081344/tools/bin/../lib/gcc/arm-none-eabi/13.3.1/../../../../arm-none-eabi/lib/thumb/v7e-m+fp/hard\libc_nano.a(libc_a-findfp.o) (__sread)
C:/ST/STM32CubeIDE_1.19.0/STM32CubeIDE/plugins/com.st.stm32cube.ide.mcu.externaltools.gnu-tools-for-stm32.13.3.rel1.win32_1.0.0.202411081344/tools/bin/../lib/gcc/arm-none-eabi/13.3.1/../../../../arm-none-eabi/lib/thumb/v7e-m+fp/hard\libc_nano.a(libc_a-memset.o)
                              C:/ST/STM32CubeIDE_1.19.0/STM32CubeIDE/plugins/com.st.stm32cube.ide.mcu.externaltools.gnu-tools-for-stm32.13.3.rel1.win32_1.0.0.202411081344/tools/bin/../lib/gcc/arm-none-eabi/13.3.1/../../../../arm-none-eabi/lib/thumb/v7e-m+fp/hard/crt0.o (memset)
C:/ST/STM32CubeIDE_1.19.0/STM32CubeIDE/plugins/com.st.stm32cube.ide.mcu.externaltools.gnu-tools-for-stm32.13.3.rel1.win32_1.0.0.202411081344/tools/bin/../lib/gcc/arm-none-eabi/13.3.1/../../../../arm-none-eabi/lib/thumb/v7e-m+fp/hard\libc_nano.a(libc_a-closer.o)
                              C:/ST/STM32CubeIDE_1.19.0/STM32CubeIDE/plugins/com.st.stm32cube.ide.mcu.externaltools.gnu-tools-for-stm32.13.3.rel1.win32_1.0.0.202411081344/tools/bin/../lib/gcc/arm-none-eabi/13.3.1/../../../../arm-none-eabi/lib/thumb/v7e-m+fp/hard\libc_nano.a(libc_a-stdio.o) (_close_r)
C:/ST/STM32CubeIDE_1.19.0/STM32CubeIDE/plugins/com.st.stm32cube.ide.mcu.externaltools.gnu-tools-for-stm32.13.3.rel1.win32_1.0.0.202411081344/tools/bin/../lib/gcc/arm-none-eabi/13.3.1/../../../../arm-none-eabi/lib/thumb/v7e-m+fp/hard\libc_nano.a(libc_a-reent.o)
                              C:/ST/STM32CubeIDE_1.19.0/STM32CubeIDE/plugins/com.st.stm32cube.ide.mcu.externaltools.gnu-tools-for-stm32.13.3.rel1.win32_1.0.0.202411081344/tools/bin/../lib/gcc/arm-none-eabi/13.3.1/../../../../arm-none-eabi/lib/thumb/v7e-m+fp/hard\libc_nano.a(libc_a-closer.o) (errno)
C:/ST/STM32CubeIDE_1.19.0/STM32CubeIDE/plugins/com.st.stm32cube.ide.mcu.externaltools.gnu-tools-for-stm32.13.3.rel1.win32_1.0.0.202411081344/tools/bin/../lib/gcc/arm-none-eabi/13.3.1/../../../../arm-none-eabi/lib/thumb/v7e-m+fp/hard\libc_nano.a(libc_a-impure.o)
                              C:/ST/STM32CubeIDE_1.19.0/STM32CubeIDE/plugins/com.st.stm32cube.ide.mcu.externaltools.gnu-tools-for-stm32.13.3.rel1.win32_1.0.0.202411081344/tools/bin/../lib/gcc/arm-none-eabi/13.3.1/../../../../arm-none-eabi/lib/thumb/v7e-m+fp/hard\libc_nano.a(libc_a-reent.o) (_impure_ptr)
C:/ST/STM32CubeIDE_1.19.0/STM32CubeIDE/plugins/com.st.stm32cube.ide.mcu.externaltools.gnu-tools-for-stm32.13.3.rel1.win32_1.0.0.202411081344/tools/bin/../lib/gcc/arm-none-eabi/13.3.1/../../../../arm-none-eabi/lib/thumb/v7e-m+fp/hard\libc_nano.a(libc_a-lseekr.o)
[...]
Memory Configuration

Name             Origin             Length             Attributes
RAM              0x20000000         0x00020000         xrw
FLASH            0x08000000         0x00080000         xr
*default*        0x00000000         0xffffffff

Linker script and memory map

LOAD C:/ST/STM32CubeIDE_1.19.0/STM32CubeIDE/plugins/com.st.stm32cube.ide.mcu.externaltools.gnu-tools-for-stm32.13.3.rel1.win32_1.0.0.202411081344/tools/bin/../lib/gcc/arm-none-eabi/13.3.1/thumb/v7e-m+fp/hard/crti.o
LOAD C:/ST/STM32CubeIDE_1.19.0/STM32CubeIDE/plugins/com.st.stm32cube.ide.mcu.externaltools.gnu-tools-for-stm32.13.3.rel1.win32_1.0.0.202411081344/tools/bin/../lib/gcc/arm-none-eabi/13.3.1/thumb/v7e-m+fp/hard/crtbegin.o
LOAD C:/ST/STM32CubeIDE_1.19.0/STM32CubeIDE/plugins/com.st.stm32cube.ide.mcu.externaltools.gnu-tools-for-stm32.13.3.rel1.win32_1.0.0.202411081344/tools/bin/../lib/gcc/arm-none-eabi/13.3.1/../../../../arm-none-eabi/lib/thumb/v7e-m+fp/hard/crt0.o
LOAD ./Core/Src/freertos.o
LOAD ./Core/Src/main.o
LOAD ./Core/Src/stm32f4xx_hal_msp.o
LOAD ./Core/Src/stm32f4xx_it.o
LOAD ./Core/Src/syscalls.o
LOAD ./Core/Src/sysmem.o
LOAD ./Core/Src/system_stm32f4xx.o
LOAD ./Core/Startup/startup_stm32f411ceux.o
LOAD ./Drivers/STM32F4xx_HAL_Driver/Src/stm32f4xx_hal.o
LOAD ./Drivers/STM32F4xx_HAL_Driver/Src/stm32f4xx_hal_adc.o
LOAD ./Drivers/STM32F4xx_HAL_Driver/Src/stm32f4xx_hal_adc_ex.o
LOAD ./Drivers/STM32F4xx_HAL_Driver/Src/stm32f4xx_hal_cortex.o
LOAD ./Drivers/STM32F4xx_HAL_Driver/Src/stm32f4xx_hal_dma.o
LOAD ./Drivers/STM32F4xx_HAL_Driver/Src/stm32f4xx_hal_dma_ex.o
LOAD ./Drivers/STM32F4xx_HAL_Driver/Src/stm32f4xx_hal_exti.o
LOAD ./Drivers/STM32F4xx_HAL_Driver/Src/stm32f4xx_hal_flash.o
LOAD ./Drivers/STM32F4xx_HAL_Driver/Src/stm32f4xx_hal_flash_ex.o
LOAD ./Drivers/STM32F4xx_HAL_Driver/Src/stm32f4xx_hal_flash_ramfunc.o
LOAD ./Drivers/STM32F4xx_HAL_Driver/Src/stm32f4xx_hal_gpio.o
LOAD ./Drivers/STM32F4xx_HAL_Driver/Src/stm32f4xx_hal_i2c.o
LOAD ./Drivers/STM32F4xx_HAL_Driver/Src/stm32f4xx_hal_i2c_ex.o
LOAD ./Drivers/STM32F4xx_HAL_Driver/Src/stm32f4xx_hal_pcd.o
LOAD ./Drivers/STM32F4xx_HAL_Driver/Src/stm32f4xx_hal_pcd_ex.o
LOAD ./Drivers/STM32F4xx_HAL_Driver/Src/stm32f4xx_hal_pwr.o
LOAD ./Drivers/STM32F4xx_HAL_Driver/Src/stm32f4xx_hal_pwr_ex.o
LOAD ./Drivers/STM32F4xx_HAL_Driver/Src/stm32f4xx_hal_rcc.o
LOAD ./Drivers/STM32F4xx_HAL_Driver/Src/stm32f4xx_hal_rcc_ex.o
LOAD ./Drivers/STM32F4xx_HAL_Driver/Src/stm32f4xx_hal_spi.o
LOAD ./Drivers/STM32F4xx_HAL_Driver/Src/stm32f4xx_ll_adc.o
LOAD ./Drivers/STM32F4xx_HAL_Driver/Src/stm32f4xx_ll_usb.o
LOAD ./Middlewares/ST/STM32_USB_Device_Library/Class/CDC/Src/usbd_cdc.o
LOAD ./Middlewares/ST/STM32_USB_Device_Library/Core/Src/usbd_core.o
LOAD ./Middlewares/ST/STM32_USB_Device_Library/Core/Src/usbd_ctlreq.o
LOAD ./Middlewares/ST/STM32_USB_Device_Library/Core/Src/usbd_ioreq.o
LOAD ./Middlewares/Third_Party/FreeRTOS/Source/CMSIS_RTOS/cmsis_os.o
LOAD ./Middlewares/Third_Party/FreeRTOS/Source/croutine.o
LOAD ./Middlewares/Third_Party/FreeRTOS/Source/event_groups.o
LOAD ./Middlewares/Third_Party/FreeRTOS/Source/list.o
LOAD ./Middlewares/Third_Party/FreeRTOS/Source/queue.o
LOAD ./Middlewares/Third_Party/FreeRTOS/Source/stream_buffer.o
LOAD ./Middlewares/Third_Party/FreeRTOS/Source/tasks.o
LOAD ./Middlewares/Third_Party/FreeRTOS/Source/timers.o
LOAD ./Middlewares/Third_Party/FreeRTOS/Source/portable/GCC/ARM_CM4F/port.o
LOAD ./Middlewares/Third_Party/FreeRTOS/Source/portable/MemMang/heap_4.o
LOAD ./USB_DEVICE/App/usb_device.o
LOAD ./USB_DEVICE/App/usbd_cdc_if.o
LOAD ./USB_DEVICE/App/usbd_desc.o
LOAD ./USB_DEVICE/Target/usbd_conf.o
START GROUP
LOAD C:/ST/STM32CubeIDE_1.19.0/STM32CubeIDE/plugins/com.st.stm32cube.ide.mcu.externaltools.gnu-tools-for-stm32.13.3.rel1.win32_1.0.0.202411081344/tools/bin/../lib/gcc/arm-none-eabi/13.3.1/../../../../arm-none-eabi/lib/thumb/v7e-m+fp/hard\libc_nano.a
LOAD C:/ST/STM32CubeIDE_1.19.0/STM32CubeIDE/plugins/com.st.stm32cube.ide.mcu.externaltools.gnu-tools-for-stm32.13.3.rel1.win32_1.0.0.202411081344/tools/bin/../lib/gcc/arm-none-eabi/13.3.1/../../../../arm-none-eabi/lib/thumb/v7e-m+fp/hard\libm.a
END GROUP
START GROUP
LOAD C:/ST/STM32CubeIDE_1.19.0/STM32CubeIDE/plugins/com.st.stm32cube.ide.mcu.externaltools.gnu-tools-for-stm32.13.3.rel1.win32_1.0.0.202411081344/tools/bin/../lib/gcc/arm-none-eabi/13.3.1/thumb/v7e-m+fp/hard\libgcc.a
LOAD C:/ST/STM32CubeIDE_1.19.0/STM32CubeIDE/plugins/com.st.stm32cube.ide.mcu.externaltools.gnu-tools-for-stm32.13.3.rel1.win32_1.0.0.202411081344/tools/bin/../lib/gcc/arm-none-eabi/13.3.1/../../../../arm-none-eabi/lib/thumb/v7e-m+fp/hard\libc_nano.a
END GROUP
START GROUP
LOAD C:/ST/STM32CubeIDE_1.19.0/STM32CubeIDE/plugins/com.st.stm32cube.ide.mcu.externaltools.gnu-tools-for-stm32.13.3.rel1.win32_1.0.0.202411081344/tools/bin/../lib/gcc/arm-none-eabi/13.3.1/thumb/v7e-m+fp/hard\libgcc.a
LOAD C:/ST/STM32CubeIDE_1.19.0/STM32CubeIDE/plugins/com.st.stm32cube.ide.mcu.externaltools.gnu-tools-for-stm32.13.3.rel1.win32_1.0.0.202411081344/tools/bin/../lib/gcc/arm-none-eabi/13.3.1/../../../../arm-none-eabi/lib/thumb/v7e-m+fp/hard\libc_nano.a
LOAD C:/ST/STM32CubeIDE_1.19.0/STM32CubeIDE/plugins/com.st.stm32cube.ide.mcu.externaltools.gnu-tools-for-stm32.13.3.rel1.win32_1.0.0.202411081344/tools/bin/../lib/gcc/arm-none-eabi/13.3.1/../../../../arm-none-eabi/lib/thumb/v7e-m+fp/hard\libnosys.a
END GROUP
START GROUP
LOAD C:/ST/STM32CubeIDE_1.19.0/STM32CubeIDE/plugins/com.st.stm32cube.ide.mcu.externaltools.gnu-tools-for-stm32.13.3.rel1.win32_1.0.0.202411081344/tools/bin/../lib/gcc/arm-none-eabi/13.3.1/thumb/v7e-m+fp/hard\libgcc.a
LOAD C:/ST/STM32CubeIDE_1.19.0/STM32CubeIDE/plugins/com.st.stm32cube.ide.mcu.externaltools.gnu-tools-for-stm32.13.3.rel1.win32_1.0.0.202411081344/tools/bin/../lib/gcc/arm-none-eabi/13.3.1/../../../../arm-none-eabi/lib/thumb/v7e-m+fp/hard\libc_nano.a
LOAD C:/ST/STM32CubeIDE_1.19.0/STM32CubeIDE/plugins/com.st.stm32cube.ide.mcu.externaltools.gnu-tools-for-stm32.13.3.rel1.win32_1.0.0.202411081344/tools/bin/../lib/gcc/arm-none-eabi/13.3.1/../../../../arm-none-eabi/lib/thumb/v7e-m+fp/hard\libnosys.a
END GROUP
LOAD C:/ST/STM32CubeIDE_1.19.0/STM32CubeIDE/plugins/com.st.stm32cube.ide.mcu.externaltools.gnu-tools-for-stm32.13.3.rel1.win32_1.0.0.202411081344/tools/bin/../lib/gcc/arm-none-eabi/13.3.1/thumb/v7e-m+fp/hard/crtend.o
LOAD C:/ST/STM32CubeIDE_1.19.0/STM32CubeIDE/plugins/com.st.stm32cube.ide.mcu.externaltools.gnu-tools-for-stm32.13.3.rel1.win32_1.0.0.202411081344/tools/bin/../lib/gcc/arm-none-eabi/13.3.1/thumb/v7e-m+fp/hard/crtn.o
                0x20020000                        _estack = (ORIGIN (RAM) + LENGTH (RAM))
                0x00000200                        _Min_Heap_Size = 0x200
                0x00000400                        _Min_Stack_Size = 0x400

.isr_vector     0x08000000      0x198
                0x08000000                        . = ALIGN (0x4)
 *(.isr_vector)
 .isr_vector    0x08000000      0x198 ./Core/Startup/startup_stm32f411ceux.o
                0x08000000                g_pfnVectors
                0x08000198                        . = ALIGN (0x4)

.text           0x080001a0     0x8d68
                0x080001a0                        . = ALIGN (0x4)
 *(.text)
 .text          0x080001a0       0x40 C:/ST/STM32CubeIDE_1.19.0/STM32CubeIDE/plugins/com.st.stm32cube.ide.mcu.externaltools.gnu-tools-for-stm32.13.3.rel1.win32_1.0.0.202411081344/tools/bin/../lib/gcc/arm-none-eabi/13.3.1/thumb/v7e-m+fp/hard/crtbegin.o
 .text          0x080001e0       0x30 C:/ST/STM32CubeIDE_1.19.0/STM32CubeIDE/plugins/com.st.stm32cube.ide.mcu.externaltools.gnu-tools-for-stm32.13.3.rel1.win32_1.0.0.202411081344/tools/bin/../lib/gcc/arm-none-eabi/13.3.1/thumb/v7e-m+fp/hard\libgcc.a(_aeabi_uldivmod.o)
                0x080001e0                __aeabi_uldivmod
 .text          0x08000210      0x2f8 C:/ST/STM32CubeIDE_1.19.0/STM32CubeIDE/plugins/com.st.stm32cube.ide.mcu.externaltools.gnu-tools-for-stm32.13.3.rel1.win32_1.0.0.202411081344/tools/bin/../lib/gcc/arm-none-eabi/13.3.1/thumb/v7e-m+fp/hard\libgcc.a(_udivmoddi4.o)
                0x08000210                __udivmoddi4
 .text          0x08000508        0x4 C:/ST/STM32CubeIDE_1.19.0/STM32CubeIDE/plugins/com.st.stm32cube.ide.mcu.externaltools.gnu-tools-for-stm32.13.3.rel1.win32_1.0.0.202411081344/tools/bin/../lib/gcc/arm-none-eabi/13.3.1/thumb/v7e-m+fp/hard\libgcc.a(_dvmd_tls.o)
                0x08000508                __aeabi_idiv0
                0x08000508                __aeabi_ldiv0
 *(.text*)
 .text.vApplicationGetIdleTaskMemory
                0x0800050c       0x34 ./Core/Src/freertos.o
                0x0800050c                vApplicationGetIdleTaskMemory
 .text.main     0x08000540       0x54 ./Core/Src/main.o
                0x08000540                main
 .text.SystemClock_Config
                0x08000594       0xd0 ./Core/Src/main.o
                0x08000594                SystemClock_Config
 .text.MX_ADC1_Init
                0x08000664       0xa4 ./Core/Src/main.o
 .text.MX_I2C1_Init
                0x08000708       0x5c ./Core/Src/main.o
 .text.MX_SPI1_Init
                0x08000764       0x70 ./Core/Src/main.o
 .text.MX_SPI2_Init
                0x080007d4       0x6c ./Core/Src/main.o
 .text.MX_GPIO_Init
                0x08000840      0x1f4 ./Core/Src/main.o
 .text.StartDefaultTask
                0x08000a34       0x14 ./Core/Src/main.o
                0x08000a34                StartDefaultTask
 .text.Error_Handler
                0x08000a48        0xc ./Core/Src/main.o
                0x08000a48                Error_Handler
 .text.HAL_MspInit
                0x08000a54       0x58 ./Core/Src/stm32f4xx_hal_msp.o
                0x08000a54                HAL_MspInit
 .text.HAL_ADC_MspInit
                0x08000aac       0x88 ./Core/Src/stm32f4xx_hal_msp.o
                0x08000aac                HAL_ADC_MspInit
 .text.HAL_I2C_MspInit
                0x08000b34       0x90 ./Core/Src/stm32f4xx_hal_msp.o
                0x08000b34                HAL_I2C_MspInit
 .text.HAL_SPI_MspInit
                0x08000bc4       0xfc ./Core/Src/stm32f4xx_hal_msp.o
                0x08000bc4                HAL_SPI_MspInit
 .text.NMI_Handler
                0x08000cc0        0x8 ./Core/Src/stm32f4xx_it.o
                0x08000cc0                NMI_Handler
 .text.HardFault_Handler
                0x08000cc8        0x8 ./Core/Src/stm32f4xx_it.o
                0x08000cc8                HardFault_Handler
 .text.MemManage_Handler
                0x08000cd0        0x8 ./Core/Src/stm32f4xx_it.o
                0x08000cd0                MemManage_Handler
 .text.BusFault_Handler
                0x08000cd8        0x8 ./Core/Src/stm32f4xx_it.o
                0x08000cd8                BusFault_Handler
 .text.UsageFault_Handler
                0x08000ce0        0x8 ./Core/Src/stm32f4xx_it.o
                0x08000ce0                UsageFault_Handler
 .text.DebugMon_Handler
                0x08000ce8        0xe ./Core/Src/stm32f4xx_it.o
                0x08000ce8                DebugMon_Handler
 .text.SysTick_Handler
                0x08000cf6       0x1a ./Core/Src/stm32f4xx_it.o
                0x08000cf6                SysTick_Handler
 .text.OTG_FS_IRQHandler
                0x08000d10       0x14 ./Core/Src/stm32f4xx_it.o
                0x08000d10                OTG_FS_IRQHandler
 .text.SystemInit
                0x08000d24       0x24 ./Core/Src/system_stm32f4xx.o
                0x08000d24                SystemInit
 .text.Reset_Handler
                0x08000d48       0x50 ./Core/Startup/startup_stm32f411ceux.o
                0x08000d48                Reset_Handler
 .text.Default_Handler
                0x08000d98        0x2 ./Core/Startup/startup_stm32f411ceux.o
                0x08000d98                RTC_Alarm_IRQHandler
                0x08000d98                EXTI2_IRQHandler
                0x08000d98                SPI4_IRQHandler
                0x08000d98                TIM1_CC_IRQHandler
                0x08000d98                DMA2_Stream5_IRQHandler
                0x08000d98                DMA1_Stream5_IRQHandler
                0x08000d98                PVD_IRQHandler
                0x08000d98                SDIO_IRQHandler
                0x08000d98                TAMP_STAMP_IRQHandler
                0x08000d98                EXTI3_IRQHandler
                0x08000d98                TIM1_UP_TIM10_IRQHandler
                0x08000d98                I2C3_ER_IRQHandler
                0x08000d98                EXTI0_IRQHandler
                0x08000d98                I2C2_EV_IRQHandler
                0x08000d98                DMA1_Stream2_IRQHandler
                0x08000d98                FPU_IRQHandler
                0x08000d98                DMA2_Stream2_IRQHandler
                0x08000d98                SPI1_IRQHandler
                0x08000d98                TIM1_BRK_TIM9_IRQHandler
                0x08000d98                DMA2_Stream3_IRQHandler
                0x08000d98                USART6_IRQHandler
                0x08000d98                DMA2_Stream0_IRQHandler
                0x08000d98                TIM4_IRQHandler
                0x08000d98                I2C1_EV_IRQHandler
                0x08000d98                DMA1_Stream6_IRQHandler
                0x08000d98                DMA1_Stream1_IRQHandler
                0x08000d98                TIM3_IRQHandler
                0x08000d98                RCC_IRQHandler
                0x08000d98                Default_Handler
                0x08000d98                EXTI15_10_IRQHandler
                0x08000d98                ADC_IRQHandler
                0x08000d98                DMA1_Stream7_IRQHandler
                0x08000d98                SPI5_IRQHandler
                0x08000d98                TIM5_IRQHandler
                0x08000d98                DMA2_Stream7_IRQHandler
                0x08000d98                I2C3_EV_IRQHandler
                0x08000d98                EXTI9_5_IRQHandler
                0x08000d98                RTC_WKUP_IRQHandler
                0x08000d98                SPI2_IRQHandler
                0x08000d98                DMA1_Stream0_IRQHandler
                0x08000d98                EXTI4_IRQHandler
                0x08000d98                WWDG_IRQHandler
                0x08000d98                TIM2_IRQHandler
                0x08000d98                OTG_FS_WKUP_IRQHandler
                0x08000d98                TIM1_TRG_COM_TIM11_IRQHandler
                0x08000d98                EXTI1_IRQHandler
                0x08000d98                USART2_IRQHandler
                0x08000d98                I2C2_ER_IRQHandler
                0x08000d98                DMA2_Stream1_IRQHandler
                0x08000d98                FLASH_IRQHandler
                0x08000d98                DMA2_Stream4_IRQHandler
                0x08000d98                USART1_IRQHandler
                0x08000d98                SPI3_IRQHandler
                0x08000d98                DMA1_Stream4_IRQHandler
                0x08000d98                I2C1_ER_IRQHandler
                0x08000d98                DMA2_Stream6_IRQHandler
                0x08000d98                DMA1_Stream3_IRQHandler
 *fill*         0x08000d9a        0x2 
 .text.HAL_Init
                0x08000d9c       0x44 ./Drivers/STM32F4xx_HAL_Driver/Src/stm32f4xx_hal.o
                0x08000d9c                HAL_Init
 .text.HAL_InitTick
                0x08000de0       0x60 ./Drivers/STM32F4xx_HAL_Driver/Src/stm32f4xx_hal.o
                0x08000de0                HAL_InitTick
 .text.HAL_IncTick
                0x08000e40       0x28 ./Drivers/STM32F4xx_HAL_Driver/Src/stm32f4xx_hal.o
                0x08000e40                HAL_IncTick
 .text.HAL_GetTick
                0x08000e68       0x18 ./Drivers/STM32F4xx_HAL_Driver/Src/stm32f4xx_hal.o
                0x08000e68                HAL_GetTick
 .text.HAL_Delay
                0x08000e80       0x48 ./Drivers/STM32F4xx_HAL_Driver/Src/stm32f4xx_hal.o
                0x08000e80                HAL_Delay
 .text.HAL_ADC_Init
                0x08000ec8       0x86 ./Drivers/STM32F4xx_HAL_Driver/Src/stm32f4xx_hal_adc.o
                0x08000ec8                HAL_ADC_Init
 *fill*         0x08000f4e        0x2 
 .text.HAL_ADC_ConfigChannel
                0x08000f50      0x264 ./Drivers/STM32F4xx_HAL_Driver/Src/stm32f4xx_hal_adc.o
                0x08000f50                HAL_ADC_ConfigChannel
 .text.ADC_Init
                0x080011b4      0x1f8 ./Drivers/STM32F4xx_HAL_Driver/Src/stm32f4xx_hal_adc.o
 .text.__NVIC_SetPriorityGrouping
                0x080013ac       0x48 ./Drivers/STM32F4xx_HAL_Driver/Src/stm32f4xx_hal_cortex.o
 .text.__NVIC_GetPriorityGrouping
                0x080013f4       0x1c ./Drivers/STM32F4xx_HAL_Driver/Src/stm32f4xx_hal_cortex.o
 .text.__NVIC_EnableIRQ
                0x08001410       0x3c ./Drivers/STM32F4xx_HAL_Driver/Src/stm32f4xx_hal_cortex.o
 .text.__NVIC_SetPriority
                0x0800144c       0x54 ./Drivers/STM32F4xx_HAL_Driver/Src/stm32f4xx_hal_cortex.o
 .text.NVIC_EncodePriority
                0x080014a0       0x66 ./Drivers/STM32F4xx_HAL_Driver/Src/stm32f4xx_hal_cortex.o
 *fill*         0x08001506        0x2 
 .text.SysTick_Config
                0x08001508       0x44 ./Drivers/STM32F4xx_HAL_Driver/Src/stm32f4xx_hal_cortex.o
 .text.HAL_NVIC_SetPriorityGrouping
                0x0800154c       0x16 ./Drivers/STM32F4xx_HAL_Driver/Src/stm32f4xx_hal_cortex.o
                0x0800154c                HAL_NVIC_SetPriorityGrouping
 .text.HAL_NVIC_SetPriority
                0x08001562       0x38 ./Drivers/STM32F4xx_HAL_Driver/Src/stm32f4xx_hal_cortex.o
                0x08001562                HAL_NVIC_SetPriority
 .text.HAL_NVIC_EnableIRQ
                0x0800159a       0x1c ./Drivers/STM32F4xx_HAL_Driver/Src/stm32f4xx_hal_cortex.o
                0x0800159a                HAL_NVIC_EnableIRQ
 .text.HAL_SYSTICK_Config
                0x080015b6       0x18 ./Drivers/STM32F4xx_HAL_Driver/Src/stm32f4xx_hal_cortex.o
                0x080015b6                HAL_SYSTICK_Config
 *fill*         0x080015ce        0x2 
 .text.HAL_GPIO_Init
                0x080015d0      0x308 ./Drivers/STM32F4xx_HAL_Driver/Src/stm32f4xx_hal_gpio.o
                0x080015d0                HAL_GPIO_Init
 .text.HAL_GPIO_WritePin
                0x080018d8       0x32 ./Drivers/STM32F4xx_HAL_Driver/Src/stm32f4xx_hal_gpio.o
                0x080018d8                HAL_GPIO_WritePin
 *fill*         0x0800190a        0x2 
 .text.HAL_I2C_Init
                0x0800190c      0x288 ./Drivers/STM32F4xx_HAL_Driver/Src/stm32f4xx_hal_i2c.o
                0x0800190c                HAL_I2C_Init
 .text.HAL_PCD_Init
                0x08001b94      0x21e ./Drivers/STM32F4xx_HAL_Driver/Src/stm32f4xx_hal_pcd.o
                0x08001b94                HAL_PCD_Init
 .text.HAL_PCD_Start
                0x08001db2       0x6a ./Drivers/STM32F4xx_HAL_Driver/Src/stm32f4xx_hal_pcd.o
                0x08001db2                HAL_PCD_Start
 .text.HAL_PCD_IRQHandler
                0x08001e1c      0x942 ./Drivers/STM32F4xx_HAL_Driver/Src/stm32f4xx_hal_pcd.o
                0x08001e1c                HAL_PCD_IRQHandler
 .text.HAL_PCD_SetAddress
                0x0800275e       0x48 ./Drivers/STM32F4xx_HAL_Driver/Src/stm32f4xx_hal_pcd.o
                0x0800275e                HAL_PCD_SetAddress
 .text.HAL_PCD_EP_Open
                0x080027a6       0xd4 ./Drivers/STM32F4xx_HAL_Driver/Src/stm32f4xx_hal_pcd.o
                0x080027a6                HAL_PCD_EP_Open
 .text.HAL_PCD_EP_Close
                0x0800287a       0x94 ./Drivers/STM32F4xx_HAL_Driver/Src/stm32f4xx_hal_pcd.o
                0x0800287a                HAL_PCD_EP_Close
 .text.HAL_PCD_EP_Receive
                0x0800290e       0x76 ./Drivers/STM32F4xx_HAL_Driver/Src/stm32f4xx_hal_pcd.o
                0x0800290e                HAL_PCD_EP_Receive
 .text.HAL_PCD_EP_GetRxCount
                0x08002984       0x30 ./Drivers/STM32F4xx_HAL_Driver/Src/stm32f4xx_hal_pcd.o
                0x08002984                HAL_PCD_EP_GetRxCount
 .text.HAL_PCD_EP_Transmit
                0x080029b4       0x74 ./Drivers/STM32F4xx_HAL_Driver/Src/stm32f4xx_hal_pcd.o
                0x080029b4                HAL_PCD_EP_Transmit
 .text.HAL_PCD_EP_SetStall
                0x08002a28       0xc6 ./Drivers/STM32F4xx_HAL_Driver/Src/stm32f4xx_hal_pcd.o
                0x08002a28                HAL_PCD_EP_SetStall
 .text.HAL_PCD_EP_ClrStall
                0x08002aee       0xac ./Drivers/STM32F4xx_HAL_Driver/Src/stm32f4xx_hal_pcd.o
                0x08002aee                HAL_PCD_EP_ClrStall
 .text.HAL_PCD_EP_Abort
                0x08002b9a       0x62 ./Drivers/STM32F4xx_HAL_Driver/Src/stm32f4xx_hal_pcd.o
                0x08002b9a                HAL_PCD_EP_Abort
 .text.PCD_WriteEmptyTxFifo
                0x08002bfc      0x118 ./Drivers/STM32F4xx_HAL_Driver/Src/stm32f4xx_hal_pcd.o
 .text.PCD_EP_OutXfrComplete_int
                0x08002d14      0x1d0 ./Drivers/STM32F4xx_HAL_Driver/Src/stm32f4xx_hal_pcd.o
 .text.PCD_EP_OutSetupPacket_int
                0x08002ee4       0x8c ./Drivers/STM32F4xx_HAL_Driver/Src/stm32f4xx_hal_pcd.o
 .text.HAL_PCDEx_SetTxFiFo
                0x08002f70       0x8e ./Drivers/STM32F4xx_HAL_Driver/Src/stm32f4xx_hal_pcd_ex.o
                0x08002f70                HAL_PCDEx_SetTxFiFo
 .text.HAL_PCDEx_SetRxFiFo
                0x08002ffe       0x22 ./Drivers/STM32F4xx_HAL_Driver/Src/stm32f4xx_hal_pcd_ex.o
                0x08002ffe                HAL_PCDEx_SetRxFiFo
 .text.HAL_PCDEx_LPM_Callback
                0x08003020       0x18 ./Drivers/STM32F4xx_HAL_Driver/Src/stm32f4xx_hal_pcd_ex.o
                0x08003020                HAL_PCDEx_LPM_Callback
 .text.HAL_RCC_OscConfig
                0x08003038      0x4f0 ./Drivers/STM32F4xx_HAL_Driver/Src/stm32f4xx_hal_rcc.o
                0x08003038                HAL_RCC_OscConfig
 .text.HAL_RCC_ClockConfig
                0x08003528      0x1cc ./Drivers/STM32F4xx_HAL_Driver/Src/stm32f4xx_hal_rcc.o
                0x08003528                HAL_RCC_ClockConfig
 .text.HAL_RCC_GetSysClockFreq
                0x080036f4      0x18c ./Drivers/STM32F4xx_HAL_Driver/Src/stm32f4xx_hal_rcc.o
                0x080036f4                HAL_RCC_GetSysClockFreq
 .text.HAL_RCC_GetHCLKFreq
                0x08003880       0x18 ./Drivers/STM32F4xx_HAL_Driver/Src/stm32f4xx_hal_rcc.o
                0x08003880                HAL_RCC_GetHCLKFreq
 .text.HAL_RCC_GetPCLK1Freq
                0x08003898       0x28 ./Drivers/STM32F4xx_HAL_Driver/Src/stm32f4xx_hal_rcc.o
                0x08003898                HAL_RCC_GetPCLK1Freq
 .text.HAL_SPI_Init
                0x080038c0      0x112 ./Drivers/STM32F4xx_HAL_Driver/Src/stm32f4xx_hal_spi.o
                0x080038c0                HAL_SPI_Init
 .text.USB_CoreInit
                0x080039d2       0xc8 ./Drivers/STM32F4xx_HAL_Driver/Src/stm32f4xx_ll_usb.o
                0x080039d2                USB_CoreInit
 *fill*         0x08003a9a        0x2 
 .text.USB_SetTurnaroundTime
                0x08003a9c      0x144 ./Drivers/STM32F4xx_HAL_Driver/Src/stm32f4xx_ll_usb.o
                0x08003a9c                USB_SetTurnaroundTime
 .text.USB_EnableGlobalInt
                0x08003be0       0x22 ./Drivers/STM32F4xx_HAL_Driver/Src/stm32f4xx_ll_usb.o
                0x08003be0                USB_EnableGlobalInt
 .text.USB_DisableGlobalInt
                0x08003c02       0x22 ./Drivers/STM32F4xx_HAL_Driver/Src/stm32f4xx_ll_usb.o
                0x08003c02                USB_DisableGlobalInt
 .text.USB_SetCurrentMode
                0x08003c24       0x98 ./Drivers/STM32F4xx_HAL_Driver/Src/stm32f4xx_ll_usb.o
                0x08003c24                USB_SetCurrentMode
 .text.USB_DevInit
                0x08003cbc      0x2c8 ./Drivers/STM32F4xx_HAL_Driver/Src/stm32f4xx_ll_usb.o
                0x08003cbc                USB_DevInit
 .text.USB_FlushTxFifo
                0x08003f84       0x64 ./Drivers/STM32F4xx_HAL_Driver/Src/stm32f4xx_ll_usb.o
                0x08003f84                USB_FlushTxFifo
 .text.USB_FlushRxFifo
                0x08003fe8       0x5c ./Drivers/STM32F4xx_HAL_Driver/Src/stm32f4xx_ll_usb.o
                0x08003fe8                USB_FlushRxFifo
 .text.USB_SetDevSpeed
                0x08004044       0x32 ./Drivers/STM32F4xx_HAL_Driver/Src/stm32f4xx_ll_usb.o
                0x08004044                USB_SetDevSpeed
 .text.USB_GetDevSpeed
                0x08004076       0x4a ./Drivers/STM32F4xx_HAL_Driver/Src/stm32f4xx_ll_usb.o
                0x08004076                USB_GetDevSpeed
 .text.USB_ActivateEndpoint
                0x080040c0      0x10e ./Drivers/STM32F4xx_HAL_Driver/Src/stm32f4xx_ll_usb.o
                0x080040c0                USB_ActivateEndpoint
 *fill*         0x080041ce        0x2 
 .text.USB_DeactivateEndpoint
                0x080041d0      0x1b8 ./Drivers/STM32F4xx_HAL_Driver/Src/stm32f4xx_ll_usb.o
                0x080041d0                USB_DeactivateEndpoint
 .text.USB_EPStartXfer
                0x08004388      0x53c ./Drivers/STM32F4xx_HAL_Driver/Src/stm32f4xx_ll_usb.o
                0x08004388                USB_EPStartXfer
 .text.USB_EPStopXfer
                0x080048c4      0x154 ./Drivers/STM32F4xx_HAL_Driver/Src/stm32f4xx_ll_usb.o
                0x080048c4                USB_EPStopXfer
 .text.USB_WritePacket
                0x08004a18       0x7c ./Drivers/STM32F4xx_HAL_Driver/Src/stm32f4xx_ll_usb.o
                0x08004a18                USB_WritePacket
 .text.USB_ReadPacket
                0x08004a94       0xb0 ./Drivers/STM32F4xx_HAL_Driver/Src/stm32f4xx_ll_usb.o
                0x08004a94                USB_ReadPacket
 .text.USB_EPSetStall
                0x08004b44       0xdc ./Drivers/STM32F4xx_HAL_Driver/Src/stm32f4xx_ll_usb.o
                0x08004b44                USB_EPSetStall
 .text.USB_EPClearStall
                0x08004c20       0xcc ./Drivers/STM32F4xx_HAL_Driver/Src/stm32f4xx_ll_usb.o
                0x08004c20                USB_EPClearStall
 .text.USB_SetDevAddress
                0x08004cec       0x4c ./Drivers/STM32F4xx_HAL_Driver/Src/stm32f4xx_ll_usb.o
                0x08004cec                USB_SetDevAddress
 .text.USB_DevConnect
                0x08004d38       0x42 ./Drivers/STM32F4xx_HAL_Driver/Src/stm32f4xx_ll_usb.o
                0x08004d38                USB_DevConnect
 .text.USB_DevDisconnect
                0x08004d7a       0x42 ./Drivers/STM32F4xx_HAL_Driver/Src/stm32f4xx_ll_usb.o
                0x08004d7a                USB_DevDisconnect
 .text.USB_ReadInterrupts
                0x08004dbc       0x26 ./Drivers/STM32F4xx_HAL_Driver/Src/stm32f4xx_ll_usb.o
                0x08004dbc                USB_ReadInterrupts
 .text.USB_ReadDevAllOutEpInterrupt
                0x08004de2       0x34 ./Drivers/STM32F4xx_HAL_Driver/Src/stm32f4xx_ll_usb.o
                0x08004de2                USB_ReadDevAllOutEpInterrupt
 .text.USB_ReadDevAllInEpInterrupt
                0x08004e16       0x34 ./Drivers/STM32F4xx_HAL_Driver/Src/stm32f4xx_ll_usb.o
                0x08004e16                USB_ReadDevAllInEpInterrupt
 .text.USB_ReadDevOutEPInterrupt
                0x08004e4a       0x3c ./Drivers/STM32F4xx_HAL_Driver/Src/stm32f4xx_ll_usb.o
                0x08004e4a                USB_ReadDevOutEPInterrupt
 .text.USB_ReadDevInEPInterrupt
                0x08004e86       0x5c ./Drivers/STM32F4xx_HAL_Driver/Src/stm32f4xx_ll_usb.o
                0x08004e86                USB_ReadDevInEPInterrupt
 .text.USB_GetMode
                0x08004ee2       0x1c ./Drivers/STM32F4xx_HAL_Driver/Src/stm32f4xx_ll_usb.o
                0x08004ee2                USB_GetMode
 .text.USB_ActivateSetup
                0x08004efe       0x46 ./Drivers/STM32F4xx_HAL_Driver/Src/stm32f4xx_ll_usb.o
                0x08004efe                USB_ActivateSetup
 .text.USB_EP0_OutStart
                0x08004f44       0xbc ./Drivers/STM32F4xx_HAL_Driver/Src/stm32f4xx_ll_usb.o
                0x08004f44                USB_EP0_OutStart
 .text.USB_CoreReset
                0x08005000       0x70 ./Drivers/STM32F4xx_HAL_Driver/Src/stm32f4xx_ll_usb.o
 .text.USBD_CDC_Init
                0x08005070      0x1f0 ./Middlewares/ST/STM32_USB_Device_Library/Class/CDC/Src/usbd_cdc.o
 .text.USBD_CDC_DeInit
                0x08005260      0x104 ./Middlewares/ST/STM32_USB_Device_Library/Class/CDC/Src/usbd_cdc.o
 .text.USBD_CDC_Setup
                0x08005364      0x1b8 ./Middlewares/ST/STM32_USB_Device_Library/Class/CDC/Src/usbd_cdc.o
 .text.USBD_CDC_DataIn
                0x0800551c       0xfe ./Middlewares/ST/STM32_USB_Device_Library/Class/CDC/Src/usbd_cdc.o
 .text.USBD_CDC_DataOut
                0x0800561a       0x70 ./Middlewares/ST/STM32_USB_Device_Library/Class/CDC/Src/usbd_cdc.o
 .text.USBD_CDC_EP0_RxReady
                0x0800568a       0x74 ./Middlewares/ST/STM32_USB_Device_Library/Class/CDC/Src/usbd_cdc.o
 *fill*         0x080056fe        0x2 
 .text.USBD_CDC_GetFSCfgDesc
                0x08005700       0x70 ./Middlewares/ST/STM32_USB_Device_Library/Class/CDC/Src/usbd_cdc.o
 .text.USBD_CDC_GetHSCfgDesc
                0x08005770       0x70 ./Middlewares/ST/STM32_USB_Device_Library/Class/CDC/Src/usbd_cdc.o
 .text.USBD_CDC_GetOtherSpeedCfgDesc
                0x080057e0       0x70 ./Middlewares/ST/STM32_USB_Device_Library/Class/CDC/Src/usbd_cdc.o
 .text.USBD_CDC_GetDeviceQualifierDescriptor
                0x08005850       0x20 ./Middlewares/ST/STM32_USB_Device_Library/Class/CDC/Src/usbd_cdc.o
                0x08005850                USBD_CDC_GetDeviceQualifierDescriptor
 .text.USBD_CDC_RegisterInterface
                0x08005870       0x34 ./Middlewares/ST/STM32_USB_Device_Library/Class/CDC/Src/usbd_cdc.o
                0x08005870                USBD_CDC_RegisterInterface
 .text.USBD_CDC_SetTxBuffer
                0x080058a4       0x44 ./Middlewares/ST/STM32_USB_Device_Library/Class/CDC/Src/usbd_cdc.o
                0x080058a4                USBD_CDC_SetTxBuffer
 .text.USBD_CDC_SetRxBuffer
                0x080058e8       0x3a ./Middlewares/ST/STM32_USB_Device_Library/Class/CDC/Src/usbd_cdc.o
                0x080058e8                USBD_CDC_SetRxBuffer
 *fill*         0x08005922        0x2 
 .text.USBD_CDC_ReceivePacket
                0x08005924       0x6c ./Middlewares/ST/STM32_USB_Device_Library/Class/CDC/Src/usbd_cdc.o
                0x08005924                USBD_CDC_ReceivePacket
 .text.USBD_Init
                0x08005990       0x60 ./Middlewares/ST/STM32_USB_Device_Library/Core/Src/usbd_core.o
                0x08005990                USBD_Init
 .text.USBD_RegisterClass
                0x080059f0       0x6c ./Middlewares/ST/STM32_USB_Device_Library/Core/Src/usbd_core.o
                0x080059f0                USBD_RegisterClass
 .text.USBD_Start
                0x08005a5c       0x18 ./Middlewares/ST/STM32_USB_Device_Library/Core/Src/usbd_core.o
                0x08005a5c                USBD_Start
 .text.USBD_RunTestMode
                0x08005a74       0x16 ./Middlewares/ST/STM32_USB_Device_Library/Core/Src/usbd_core.o
                0x08005a74                USBD_RunTestMode
 .text.USBD_SetClassConfig
                0x08005a8a       0x38 ./Middlewares/ST/STM32_USB_Device_Library/Core/Src/usbd_core.o
                0x08005a8a                USBD_SetClassConfig
 .text.USBD_ClrClassConfig
                0x08005ac2       0x34 ./Middlewares/ST/STM32_USB_Device_Library/Core/Src/usbd_core.o
                0x08005ac2                USBD_ClrClassConfig
 .text.USBD_LL_SetupStage
                0x08005af6       0xaa ./Middlewares/ST/STM32_USB_Device_Library/Core/Src/usbd_core.o
                0x08005af6                USBD_LL_SetupStage
 .text.USBD_LL_DataOutStage
                0x08005ba0      0x178 ./Middlewares/ST/STM32_USB_Device_Library/Core/Src/usbd_core.o
                0x08005ba0                USBD_LL_DataOutStage
 .text.USBD_LL_DataInStage
                0x08005d18      0x176 ./Middlewares/ST/STM32_USB_Device_Library/Core/Src/usbd_core.o
                0x08005d18                USBD_LL_DataInStage
 .text.USBD_LL_Reset
                0x08005e8e       0xa6 ./Middlewares/ST/STM32_USB_Device_Library/Core/Src/usbd_core.o
                0x08005e8e                USBD_LL_Reset
 .text.USBD_LL_SetSpeed
                0x08005f34       0x20 ./Middlewares/ST/STM32_USB_Device_Library/Core/Src/usbd_core.o
                0x08005f34                USBD_LL_SetSpeed
 .text.USBD_LL_Suspend
                0x08005f54       0x38 ./Middlewares/ST/STM32_USB_Device_Library/Core/Src/usbd_core.o
                0x08005f54                USBD_LL_Suspend
 .text.USBD_LL_Resume
                0x08005f8c       0x30 ./Middlewares/ST/STM32_USB_Device_Library/Core/Src/usbd_core.o
                0x08005f8c                USBD_LL_Resume
 .text.USBD_LL_SOF
                0x08005fbc       0x40 ./Middlewares/ST/STM32_USB_Device_Library/Core/Src/usbd_core.o
                0x08005fbc                USBD_LL_SOF
 .text.USBD_LL_IsoINIncomplete
                0x08005ffc       0x64 ./Middlewares/ST/STM32_USB_Device_Library/Core/Src/usbd_core.o
                0x08005ffc                USBD_LL_IsoINIncomplete
 .text.USBD_LL_IsoOUTIncomplete
                0x08006060       0x64 ./Middlewares/ST/STM32_USB_Device_Library/Core/Src/usbd_core.o
                0x08006060                USBD_LL_IsoOUTIncomplete
 .text.USBD_LL_DevConnected
                0x080060c4       0x16 ./Middlewares/ST/STM32_USB_Device_Library/Core/Src/usbd_core.o
                0x080060c4                USBD_LL_DevConnected
 .text.USBD_LL_DevDisconnected
                0x080060da       0x46 ./Middlewares/ST/STM32_USB_Device_Library/Core/Src/usbd_core.o
                0x080060da                USBD_LL_DevDisconnected
 .text.USBD_CoreFindIF
                0x08006120       0x1a ./Middlewares/ST/STM32_USB_Device_Library/Core/Src/usbd_core.o
                0x08006120                USBD_CoreFindIF
 .text.USBD_CoreFindEP
                0x0800613a       0x1a ./Middlewares/ST/STM32_USB_Device_Library/Core/Src/usbd_core.o
                0x0800613a                USBD_CoreFindEP
 .text.USBD_GetEpDesc
                0x08006154       0x70 ./Middlewares/ST/STM32_USB_Device_Library/Core/Src/usbd_core.o
                0x08006154                USBD_GetEpDesc
 .text.USBD_GetNextDesc
                0x080061c4       0x38 ./Middlewares/ST/STM32_USB_Device_Library/Core/Src/usbd_core.o
                0x080061c4                USBD_GetNextDesc
 .text.SWAPBYTE
                0x080061fc       0x3e ./Middlewares/ST/STM32_USB_Device_Library/Core/Src/usbd_ctlreq.o
 *fill*         0x0800623a        0x2 
 .text.USBD_StdDevReq
                0x0800623c       0xe4 ./Middlewares/ST/STM32_USB_Device_Library/Core/Src/usbd_ctlreq.o
                0x0800623c                USBD_StdDevReq
 .text.USBD_StdItfReq
                0x08006320       0xd8 ./Middlewares/ST/STM32_USB_Device_Library/Core/Src/usbd_ctlreq.o
                0x08006320                USBD_StdItfReq
 .text.USBD_StdEPReq
                0x080063f8      0x33e ./Middlewares/ST/STM32_USB_Device_Library/Core/Src/usbd_ctlreq.o
                0x080063f8                USBD_StdEPReq
 *fill*         0x08006736        0x2 
 .text.USBD_GetDescriptor
                0x08006738      0x2d4 ./Middlewares/ST/STM32_USB_Device_Library/Core/Src/usbd_ctlreq.o
 .text.USBD_SetAddress
                0x08006a0c       0x88 ./Middlewares/ST/STM32_USB_Device_Library/Core/Src/usbd_ctlreq.o
 .text.USBD_SetConfig
                0x08006a94      0x154 ./Middlewares/ST/STM32_USB_Device_Library/Core/Src/usbd_ctlreq.o
 .text.USBD_GetConfig
                0x08006be8       0x6c ./Middlewares/ST/STM32_USB_Device_Library/Core/Src/usbd_ctlreq.o
 .text.USBD_GetStatus
                0x08006c54       0x68 ./Middlewares/ST/STM32_USB_Device_Library/Core/Src/usbd_ctlreq.o
 .text.USBD_SetFeature
                0x08006cbc       0x52 ./Middlewares/ST/STM32_USB_Device_Library/Core/Src/usbd_ctlreq.o
 .text.USBD_ClrFeature
                0x08006d0e       0x44 ./Middlewares/ST/STM32_USB_Device_Library/Core/Src/usbd_ctlreq.o
 .text.USBD_ParseSetupRequest
                0x08006d52       0x74 ./Middlewares/ST/STM32_USB_Device_Library/Core/Src/usbd_ctlreq.o
                0x08006d52                USBD_ParseSetupRequest
 .text.USBD_CtlError
                0x08006dc6       0x22 ./Middlewares/ST/STM32_USB_Device_Library/Core/Src/usbd_ctlreq.o
                0x08006dc6                USBD_CtlError
 .text.USBD_GetString
                0x08006de8       0xa4 ./Middlewares/ST/STM32_USB_Device_Library/Core/Src/usbd_ctlreq.o
                0x08006de8                USBD_GetString
 .text.USBD_GetLen
                0x08006e8c       0x34 ./Middlewares/ST/STM32_USB_Device_Library/Core/Src/usbd_ctlreq.o
 .text.USBD_CtlSendData
                0x08006ec0       0x3c ./Middlewares/ST/STM32_USB_Device_Library/Core/Src/usbd_ioreq.o
                0x08006ec0                USBD_CtlSendData
 .text.USBD_CtlContinueSendData
                0x08006efc       0x22 ./Middlewares/ST/STM32_USB_Device_Library/Core/Src/usbd_ioreq.o
                0x08006efc                USBD_CtlContinueSendData
 .text.USBD_CtlPrepareRx
                0x08006f1e       0x42 ./Middlewares/ST/STM32_USB_Device_Library/Core/Src/usbd_ioreq.o
                0x08006f1e                USBD_CtlPrepareRx
 .text.USBD_CtlContinueRx
                0x08006f60       0x22 ./Middlewares/ST/STM32_USB_Device_Library/Core/Src/usbd_ioreq.o
                0x08006f60                USBD_CtlContinueRx
 .text.USBD_CtlSendStatus
                0x08006f82       0x26 ./Middlewares/ST/STM32_USB_Device_Library/Core/Src/usbd_ioreq.o
                0x08006f82                USBD_CtlSendStatus
 .text.USBD_CtlReceiveStatus
                0x08006fa8       0x26 ./Middlewares/ST/STM32_USB_Device_Library/Core/Src/usbd_ioreq.o
                0x08006fa8                USBD_CtlReceiveStatus
 .text.makeFreeRtosPriority
                0x08006fce       0x30 ./Middlewares/Third_Party/FreeRTOS/Source/CMSIS_RTOS/cmsis_os.o
 .text.osKernelStart
                0x08006ffe        0xe ./Middlewares/Third_Party/FreeRTOS/Source/CMSIS_RTOS/cmsis_os.o
                0x08006ffe                osKernelStart
 .text.osThreadCreate
                0x0800700c       0x98 ./Middlewares/Third_Party/FreeRTOS/Source/CMSIS_RTOS/cmsis_os.o
                0x0800700c                osThreadCreate
 .text.osDelay  0x080070a4       0x28 ./Middlewares/Third_Party/FreeRTOS/Source/CMSIS_RTOS/cmsis_os.o
                0x080070a4                osDelay
 .text.vListInitialise
                0x080070cc       0x40 ./Middlewares/Third_Party/FreeRTOS/Source/list.o
                0x080070cc                vListInitialise
 .text.vListInitialiseItem
                0x0800710c       0x1a ./Middlewares/Third_Party/FreeRTOS/Source/list.o
                0x0800710c                vListInitialiseItem
 .text.vListInsertEnd
                0x08007126       0x48 ./Middlewares/Third_Party/FreeRTOS/Source/list.o
                0x08007126                vListInsertEnd
 .text.vListInsert
                0x0800716e       0x72 ./Middlewares/Third_Party/FreeRTOS/Source/list.o
                0x0800716e                vListInsert
 .text.uxListRemove
                0x080071e0       0x54 ./Middlewares/Third_Party/FreeRTOS/Source/list.o
                0x080071e0                uxListRemove
 .text.xTaskCreateStatic
                0x08007234       0xc0 ./Middlewares/Third_Party/FreeRTOS/Source/tasks.o
                0x08007234                xTaskCreateStatic
 .text.xTaskCreate
                0x080072f4       0x8a ./Middlewares/Third_Party/FreeRTOS/Source/tasks.o
                0x080072f4                xTaskCreate
 .text.prvInitialiseNewTask
                0x0800737e      0x110 ./Middlewares/Third_Party/FreeRTOS/Source/tasks.o
 *fill*         0x0800748e        0x2 
 .text.prvAddNewTaskToReadyList
                0x08007490       0xd4 ./Middlewares/Third_Party/FreeRTOS/Source/tasks.o
 .text.vTaskDelay
                0x08007564       0x6c ./Middlewares/Third_Party/FreeRTOS/Source/tasks.o
                0x08007564                vTaskDelay
 .text.vTaskStartScheduler
                0x080075d0       0xc4 ./Middlewares/Third_Party/FreeRTOS/Source/tasks.o
                0x080075d0                vTaskStartScheduler
 .text.vTaskSuspendAll
                0x08007694       0x1c ./Middlewares/Third_Party/FreeRTOS/Source/tasks.o
                0x08007694                vTaskSuspendAll
 .text.xTaskResumeAll
                0x080076b0      0x13c ./Middlewares/Third_Party/FreeRTOS/Source/tasks.o
                0x080076b0                xTaskResumeAll
 .text.xTaskIncrementTick
                0x080077ec      0x174 ./Middlewares/Third_Party/FreeRTOS/Source/tasks.o
                0x080077ec                xTaskIncrementTick
 .text.vTaskSwitchContext
                0x08007960       0xb8 ./Middlewares/Third_Party/FreeRTOS/Source/tasks.o
                0x08007960                vTaskSwitchContext
 .text.prvIdleTask
                0x08007a18       0x30 ./Middlewares/Third_Party/FreeRTOS/Source/tasks.o
 .text.prvInitialiseTaskLists
                0x08007a48       0x80 ./Middlewares/Third_Party/FreeRTOS/Source/tasks.o
 .text.prvCheckTasksWaitingTermination
                0x08007ac8       0x5c ./Middlewares/Third_Party/FreeRTOS/Source/tasks.o
 .text.prvDeleteTCB
                0x08007b24       0x60 ./Middlewares/Third_Party/FreeRTOS/Source/tasks.o
 .text.prvResetNextTaskUnblockTime
                0x08007b84       0x40 ./Middlewares/Third_Party/FreeRTOS/Source/tasks.o
 .text.xTaskGetSchedulerState
                0x08007bc4       0x3c ./Middlewares/Third_Party/FreeRTOS/Source/tasks.o
                0x08007bc4                xTaskGetSchedulerState
 .text.prvAddCurrentTaskToDelayedList
                0x08007c00       0xcc ./Middlewares/Third_Party/FreeRTOS/Source/tasks.o
 .text.pxPortInitialiseStack
                0x08007ccc       0x68 ./Middlewares/Third_Party/FreeRTOS/Source/portable/GCC/ARM_CM4F/port.o
                0x08007ccc                pxPortInitialiseStack
 .text.prvTaskExitError
                0x08007d34       0x5c ./Middlewares/Third_Party/FreeRTOS/Source/portable/GCC/ARM_CM4F/port.o
 .text.SVC_Handler
                0x08007d90       0x28 ./Middlewares/Third_Party/FreeRTOS/Source/portable/GCC/ARM_CM4F/port.o
                0x08007d90                SVC_Handler
 .text.prvPortStartFirstTask
                0x08007db8       0x28 ./Middlewares/Third_Party/FreeRTOS/Source/portable/GCC/ARM_CM4F/port.o
 .text.xPortStartScheduler
                0x08007de0      0x148 ./Middlewares/Third_Party/FreeRTOS/Source/portable/GCC/ARM_CM4F/port.o
                0x08007de0                xPortStartScheduler
 .text.vPortEnterCritical
                0x08007f28       0x64 ./Middlewares/Third_Party/FreeRTOS/Source/portable/GCC/ARM_CM4F/port.o
                0x08007f28                vPortEnterCritical
 .text.vPortExitCritical
                0x08007f8c       0x54 ./Middlewares/Third_Party/FreeRTOS/Source/portable/GCC/ARM_CM4F/port.o
                0x08007f8c                vPortExitCritical
 .text.PendSV_Handler
                0x08007fe0       0x68 ./Middlewares/Third_Party/FreeRTOS/Source/portable/GCC/ARM_CM4F/port.o
                0x08007fe0                PendSV_Handler
 .text.xPortSysTickHandler
                0x08008048       0x44 ./Middlewares/Third_Party/FreeRTOS/Source/portable/GCC/ARM_CM4F/port.o
                0x08008048                xPortSysTickHandler
 .text.vPortSetupTimerInterrupt
                0x0800808c       0x48 ./Middlewares/Third_Party/FreeRTOS/Source/portable/GCC/ARM_CM4F/port.o
                0x0800808c                vPortSetupTimerInterrupt
 .text.vPortEnableVFP
                0x080080d4       0x14 ./Middlewares/Third_Party/FreeRTOS/Source/portable/GCC/ARM_CM4F/port.o
 .text.pvPortMalloc
                0x080080e8      0x19c ./Middlewares/Third_Party/FreeRTOS/Source/portable/MemMang/heap_4.o
                0x080080e8                pvPortMalloc
 .text.vPortFree
                0x08008284       0xc8 ./Middlewares/Third_Party/FreeRTOS/Source/portable/MemMang/heap_4.o
                0x08008284                vPortFree
 .text.prvHeapInit
                0x0800834c       0xc4 ./Middlewares/Third_Party/FreeRTOS/Source/portable/MemMang/heap_4.o
 .text.prvInsertBlockIntoFreeList
                0x08008410       0xb4 ./Middlewares/Third_Party/FreeRTOS/Source/portable/MemMang/heap_4.o
 .text.MX_USB_DEVICE_Init
                0x080084c4       0x60 ./USB_DEVICE/App/usb_device.o
                0x080084c4                MX_USB_DEVICE_Init
 .text.CDC_Init_FS
                0x08008524       0x28 ./USB_DEVICE/App/usbd_cdc_if.o
 .text.CDC_DeInit_FS
                0x0800854c       0x10 ./USB_DEVICE/App/usbd_cdc_if.o
 .text.CDC_Control_FS
                0x0800855c       0xbc ./USB_DEVICE/App/usbd_cdc_if.o
 .text.CDC_Receive_FS
                0x08008618       0x28 ./USB_DEVICE/App/usbd_cdc_if.o
 .text.CDC_TransmitCplt_FS
                0x08008640       0x22 ./USB_DEVICE/App/usbd_cdc_if.o
 *fill*         0x08008662        0x2 
 .text.USBD_FS_DeviceDescriptor
                0x08008664       0x24 ./USB_DEVICE/App/usbd_desc.o
                0x08008664                USBD_FS_DeviceDescriptor
 .text.USBD_FS_LangIDStrDescriptor
                0x08008688       0x24 ./USB_DEVICE/App/usbd_desc.o
                0x08008688                USBD_FS_LangIDStrDescriptor
 .text.USBD_FS_ProductStrDescriptor
                0x080086ac       0x3c ./USB_DEVICE/App/usbd_desc.o
                0x080086ac                USBD_FS_ProductStrDescriptor
 .text.USBD_FS_ManufacturerStrDescriptor
                0x080086e8       0x28 ./USB_DEVICE/App/usbd_desc.o
                0x080086e8                USBD_FS_ManufacturerStrDescriptor
 .text.USBD_FS_SerialStrDescriptor
                0x08008710       0x24 ./USB_DEVICE/App/usbd_desc.o
                0x08008710                USBD_FS_SerialStrDescriptor
 .text.USBD_FS_ConfigStrDescriptor
                0x08008734       0x3c ./USB_DEVICE/App/usbd_desc.o
                0x08008734                USBD_FS_ConfigStrDescriptor
 .text.USBD_FS_InterfaceStrDescriptor
                0x08008770       0x3c ./USB_DEVICE/App/usbd_desc.o
                0x08008770                USBD_FS_InterfaceStrDescriptor
 .text.Get_SerialNum
                0x080087ac       0x58 ./USB_DEVICE/App/usbd_desc.o
 .text.IntToUnicode
                0x08008804       0x7e ./USB_DEVICE/App/usbd_desc.o
 *fill*         0x08008882        0x2 
 .text.HAL_PCD_MspInit
                0x08008884       0xa8 ./USB_DEVICE/Target/usbd_conf.o
                0x08008884                HAL_PCD_MspInit
 .text.HAL_PCD_SetupStageCallback
                0x0800892c       0x24 ./USB_DEVICE/Target/usbd_conf.o
                0x0800892c                HAL_PCD_SetupStageCallback
 .text.HAL_PCD_DataOutStageCallback
                0x08008950       0x36 ./USB_DEVICE/Target/usbd_conf.o
                0x08008950                HAL_PCD_DataOutStageCallback
 .text.HAL_PCD_DataInStageCallback
                0x08008986       0x34 ./USB_DEVICE/Target/usbd_conf.o
                0x08008986                HAL_PCD_DataInStageCallback
 .text.HAL_PCD_SOFCallback
                0x080089ba       0x1c ./USB_DEVICE/Target/usbd_conf.o
                0x080089ba                HAL_PCD_SOFCallback
 .text.HAL_PCD_ResetCallback
                0x080089d6       0x3c ./USB_DEVICE/Target/usbd_conf.o
                0x080089d6                HAL_PCD_ResetCallback
 *fill*         0x08008a12        0x2 
 .text.HAL_PCD_SuspendCallback
                0x08008a14       0x4c ./USB_DEVICE/Target/usbd_conf.o
                0x08008a14                HAL_PCD_SuspendCallback
 .text.HAL_PCD_ResumeCallback
                0x08008a60       0x1c ./USB_DEVICE/Target/usbd_conf.o
                0x08008a60                HAL_PCD_ResumeCallback
 .text.HAL_PCD_ISOOUTIncompleteCallback
                0x08008a7c       0x24 ./USB_DEVICE/Target/usbd_conf.o
                0x08008a7c                HAL_PCD_ISOOUTIncompleteCallback
 .text.HAL_PCD_ISOINIncompleteCallback
                0x08008aa0       0x24 ./USB_DEVICE/Target/usbd_conf.o
                0x08008aa0                HAL_PCD_ISOINIncompleteCallback
 .text.HAL_PCD_ConnectCallback
                0x08008ac4       0x1c ./USB_DEVICE/Target/usbd_conf.o
                0x08008ac4                HAL_PCD_ConnectCallback
 .text.HAL_PCD_DisconnectCallback
                0x08008ae0       0x1c ./USB_DEVICE/Target/usbd_conf.o
                0x08008ae0                HAL_PCD_DisconnectCallback
 .text.USBD_LL_Init
                0x08008afc       0x98 ./USB_DEVICE/Target/usbd_conf.o
                0x08008afc                USBD_LL_Init
 .text.USBD_LL_Start
                0x08008b94       0x36 ./USB_DEVICE/Target/usbd_conf.o
                0x08008b94                USBD_LL_Start
 .text.USBD_LL_OpenEP
                0x08008bca       0x4c ./USB_DEVICE/Target/usbd_conf.o
                0x08008bca                USBD_LL_OpenEP
 .text.USBD_LL_CloseEP
                0x08008c16       0x3e ./USB_DEVICE/Target/usbd_conf.o
                0x08008c16                USBD_LL_CloseEP
 .text.USBD_LL_StallEP
                0x08008c54       0x3e ./USB_DEVICE/Target/usbd_conf.o
                0x08008c54                USBD_LL_StallEP
 .text.USBD_LL_ClearStallEP
                0x08008c92       0x3e ./USB_DEVICE/Target/usbd_conf.o
                0x08008c92                USBD_LL_ClearStallEP
 .text.USBD_LL_IsStallEP
                0x08008cd0       0x58 ./USB_DEVICE/Target/usbd_conf.o
                0x08008cd0                USBD_LL_IsStallEP
 .text.USBD_LL_SetUSBAddress
                0x08008d28       0x3e ./USB_DEVICE/Target/usbd_conf.o
                0x08008d28                USBD_LL_SetUSBAddress
 .text.USBD_LL_Transmit
                0x08008d66       0x42 ./USB_DEVICE/Target/usbd_conf.o
                0x08008d66                USBD_LL_Transmit
 .text.USBD_LL_PrepareReceive
                0x08008da8       0x42 ./USB_DEVICE/Target/usbd_conf.o
                0x08008da8                USBD_LL_PrepareReceive
 .text.USBD_LL_GetRxDataSize
                0x08008dea       0x26 ./USB_DEVICE/Target/usbd_conf.o
                0x08008dea                USBD_LL_GetRxDataSize
 .text.USBD_static_malloc
                0x08008e10       0x1c ./USB_DEVICE/Target/usbd_conf.o
                0x08008e10                USBD_static_malloc
 .text.USBD_static_free
                0x08008e2c       0x14 ./USB_DEVICE/Target/usbd_conf.o
                0x08008e2c                USBD_static_free
 .text.USBD_Get_USB_Status
                0x08008e40       0x58 ./USB_DEVICE/Target/usbd_conf.o
                0x08008e40                USBD_Get_USB_Status
 .text.memset   0x08008e98       0x10 C:/ST/STM32CubeIDE_1.19.0/STM32CubeIDE/plugins/com.st.stm32cube.ide.mcu.externaltools.gnu-tools-for-stm32.13.3.rel1.win32_1.0.0.202411081344/tools/bin/../lib/gcc/arm-none-eabi/13.3.1/../../../../arm-none-eabi/lib/thumb/v7e-m+fp/hard\libc_nano.a(libc_a-memset.o)
                0x08008e98                memset
 .text.__libc_init_array
                0x08008ea8       0x48 C:/ST/STM32CubeIDE_1.19.0/STM32CubeIDE/plugins/com.st.stm32cube.ide.mcu.externaltools.gnu-tools-for-stm32.13.3.rel1.win32_1.0.0.202411081344/tools/bin/../lib/gcc/arm-none-eabi/13.3.1/../../../../arm-none-eabi/lib/thumb/v7e-m+fp/hard\libc_nano.a(libc_a-init.o)
                0x08008ea8                __libc_init_array
 *(.glue_7)
 .glue_7        0x08008ef0        0x0 linker stubs
 *(.glue_7t)
 .glue_7t       0x08008ef0        0x0 linker stubs
 *(.eh_frame)
 .eh_frame      0x08008ef0        0x0 C:/ST/STM32CubeIDE_1.19.0/STM32CubeIDE/plugins/com.st.stm32cube.ide.mcu.externaltools.gnu-tools-for-stm32.13.3.rel1.win32_1.0.0.202411081344/tools/bin/../lib/gcc/arm-none-eabi/13.3.1/thumb/v7e-m+fp/hard/crtbegin.o
 *(.init)
 .init          0x08008ef0        0x4 C:/ST/STM32CubeIDE_1.19.0/STM32CubeIDE/plugins/com.st.stm32cube.ide.mcu.externaltools.gnu-tools-for-stm32.13.3.rel1.win32_1.0.0.202411081344/tools/bin/../lib/gcc/arm-none-eabi/13.3.1/thumb/v7e-m+fp/hard/crti.o
                0x08008ef0                _init
 .init          0x08008ef4        0x8 C:/ST/STM32CubeIDE_1.19.0/STM32CubeIDE/plugins/com.st.stm32cube.ide.mcu.externaltools.gnu-tools-for-stm32.13.3.rel1.win32_1.0.0.202411081344/tools/bin/../lib/gcc/arm-none-eabi/13.3.1/thumb/v7e-m+fp/hard/crtn.o
 *(.fini)
 .fini          0x08008efc        0x4 C:/ST/STM32CubeIDE_1.19.0/STM32CubeIDE/plugins/com.st.stm32cube.ide.mcu.externaltools.gnu-tools-for-stm32.13.3.rel1.win32_1.0.0.202411081344/tools/bin/../lib/gcc/arm-none-eabi/13.3.1/thumb/v7e-m+fp/hard/crti.o
                0x08008efc                _fini
 .fini          0x08008f00        0x8 C:/ST/STM32CubeIDE_1.19.0/STM32CubeIDE/plugins/com.st.stm32cube.ide.mcu.externaltools.gnu-tools-for-stm32.13.3.rel1.win32_1.0.0.202411081344/tools/bin/../lib/gcc/arm-none-eabi/13.3.1/thumb/v7e-m+fp/hard/crtn.o
                0x08008f08                        . = ALIGN (0x4)
                0x08008f08                        _etext = .

.vfp11_veneer   0x08008f08        0x0
 .vfp11_veneer  0x08008f08        0x0 linker stubs

.v4_bx          0x08008f08        0x0
 .v4_bx         0x08008f08        0x0 linker stubs

.iplt           0x08008f08        0x0
 .iplt          0x08008f08        0x0 C:/ST/STM32CubeIDE_1.19.0/STM32CubeIDE/plugins/com.st.stm32cube.ide.mcu.externaltools.gnu-tools-for-stm32.13.3.rel1.win32_1.0.0.202411081344/tools/bin/../lib/gcc/arm-none-eabi/13.3.1/thumb/v7e-m+fp/hard/crtbegin.o

.rodata         0x08008f08       0x90
                0x08008f08                        . = ALIGN (0x4)
 *(.rodata)
 .rodata        0x08008f08       0x28 ./Core/Src/main.o
 .rodata        0x08008f30        0x5 ./Middlewares/Third_Party/FreeRTOS/Source/tasks.o
 *fill*         0x08008f35        0x3 
 .rodata        0x08008f38       0x46 ./USB_DEVICE/App/usbd_desc.o
 *(.rodata*)
 *fill*         0x08008f7e        0x2 
 .rodata.AHBPrescTable
                0x08008f80       0x10 ./Core/Src/system_stm32f4xx.o
                0x08008f80                AHBPrescTable
 .rodata.APBPrescTable
                0x08008f90        0x8 ./Core/Src/system_stm32f4xx.o
                0x08008f90                APBPrescTable
                0x08008f98                        . = ALIGN (0x4)

.ARM.extab      0x08008f98        0x0
                0x08008f98                        . = ALIGN (0x4)
 *(.ARM.extab* .gnu.linkonce.armextab.*)
                0x08008f98                        . = ALIGN (0x4)

.ARM            0x08008f98        0x8
                0x08008f98                        . = ALIGN (0x4)
                0x08008f98                        __exidx_start = .
 *(.ARM.exidx*)
 .ARM.exidx     0x08008f98        0x8 C:/ST/STM32CubeIDE_1.19.0/STM32CubeIDE/plugins/com.st.stm32cube.ide.mcu.externaltools.gnu-tools-for-stm32.13.3.rel1.win32_1.0.0.202411081344/tools/bin/../lib/gcc/arm-none-eabi/13.3.1/thumb/v7e-m+fp/hard\libgcc.a(_udivmoddi4.o)
                0x08008fa0                        __exidx_end = .
                0x08008fa0                        . = ALIGN (0x4)

.preinit_array  0x08008fa0        0x0
                0x08008fa0                        . = ALIGN (0x4)
                0x08008fa0                        PROVIDE (__preinit_array_start = .)
 *(.preinit_array*)
                0x08008fa0                        PROVIDE (__preinit_array_end = .)
                0x08008fa0                        . = ALIGN (0x4)

.init_array     0x08008fa0        0x4
                0x08008fa0                        . = ALIGN (0x4)
                0x08008fa0                        PROVIDE (__init_array_start = .)
 *(SORT_BY_NAME(.init_array.*))
 *(.init_array*)
 .init_array    0x08008fa0        0x4 C:/ST/STM32CubeIDE_1.19.0/STM32CubeIDE/plugins/com.st.stm32cube.ide.mcu.externaltools.gnu-tools-for-stm32.13.3.rel1.win32_1.0.0.202411081344/tools/bin/../lib/gcc/arm-none-eabi/13.3.1/thumb/v7e-m+fp/hard/crtbegin.o
                0x08008fa4                        PROVIDE (__init_array_end = .)
                0x08008fa4                        . = ALIGN (0x4)

.fini_array     0x08008fa4        0x4
                0x08008fa4                        . = ALIGN (0x4)
                [!provide]                        PROVIDE (__fini_array_start = .)
 *(SORT_BY_NAME(.fini_array.*))
 *(.fini_array*)
 .fini_array    0x08008fa4        0x4 C:/ST/STM32CubeIDE_1.19.0/STM32CubeIDE/plugins/com.st.stm32cube.ide.mcu.externaltools.gnu-tools-for-stm32.13.3.rel1.win32_1.0.0.202411081344/tools/bin/../lib/gcc/arm-none-eabi/13.3.1/thumb/v7e-m+fp/hard/crtbegin.o
                [!provide]                        PROVIDE (__fini_array_end = .)
                0x08008fa8                        . = ALIGN (0x4)
                0x08008fa8                        _sidata = LOADADDR (.data)

.rel.dyn        0x08008fa8        0x0
 .rel.iplt      0x08008fa8        0x0 C:/ST/STM32CubeIDE_1.19.0/STM32CubeIDE/plugins/com.st.stm32cube.ide.mcu.externaltools.gnu-tools-for-stm32.13.3.rel1.win32_1.0.0.202411081344/tools/bin/../lib/gcc/arm-none-eabi/13.3.1/thumb/v7e-m+fp/hard/crtbegin.o

.data           0x20000000      0x100 load address 0x08008fa8
                0x20000000                        . = ALIGN (0x4)
                0x20000000                        _sdata = .
 *(.data)
 *(.data*)
 .data.SystemCoreClock
                0x20000000        0x4 ./Core/Src/system_stm32f4xx.o
                0x20000000                SystemCoreClock
 .data.uwTickPrio
                0x20000004        0x4 ./Drivers/STM32F4xx_HAL_Driver/Src/stm32f4xx_hal.o
                0x20000004                uwTickPrio
 .data.uwTickFreq
                0x20000008        0x1 ./Drivers/STM32F4xx_HAL_Driver/Src/stm32f4xx_hal.o
                0x20000008                uwTickFreq
 *fill*         0x20000009        0x3 
 .data.USBD_CDC_DeviceQualifierDesc
                0x2000000c        0xa ./Middlewares/ST/STM32_USB_Device_Library/Class/CDC/Src/usbd_cdc.o
 *fill*         0x20000016        0x2 
 .data.USBD_CDC
                0x20000018       0x38 ./Middlewares/ST/STM32_USB_Device_Library/Class/CDC/Src/usbd_cdc.o
                0x20000018                USBD_CDC
 .data.USBD_CDC_CfgDesc
                0x20000050       0x43 ./Middlewares/ST/STM32_USB_Device_Library/Class/CDC/Src/usbd_cdc.o
 .data.CDCInEpAdd
                0x20000093        0x1 ./Middlewares/ST/STM32_USB_Device_Library/Class/CDC/Src/usbd_cdc.o
 .data.CDCOutEpAdd
                0x20000094        0x1 ./Middlewares/ST/STM32_USB_Device_Library/Class/CDC/Src/usbd_cdc.o
 .data.CDCCmdEpAdd
                0x20000095        0x1 ./Middlewares/ST/STM32_USB_Device_Library/Class/CDC/Src/usbd_cdc.o
 *fill*         0x20000096        0x2 
 .data.uxCriticalNesting
                0x20000098        0x4 ./Middlewares/Third_Party/FreeRTOS/Source/portable/GCC/ARM_CM4F/port.o
 .data.USBD_Interface_fops_FS
                0x2000009c       0x14 ./USB_DEVICE/App/usbd_cdc_if.o
                0x2000009c                USBD_Interface_fops_FS
 .data.FS_Desc  0x200000b0       0x1c ./USB_DEVICE/App/usbd_desc.o
                0x200000b0                FS_Desc
 .data.USBD_FS_DeviceDesc
                0x200000cc       0x12 ./USB_DEVICE/App/usbd_desc.o
                0x200000cc                USBD_FS_DeviceDesc
 *fill*         0x200000de        0x2 
 .data.USBD_LangIDDesc
                0x200000e0        0x4 ./USB_DEVICE/App/usbd_desc.o
                0x200000e0                USBD_LangIDDesc
 .data.USBD_StringSerial
                0x200000e4       0x1a ./USB_DEVICE/App/usbd_desc.o
                0x200000e4                USBD_StringSerial
 *(.RamFunc)
 *(.RamFunc*)
                0x20000100                        . = ALIGN (0x4)
 *fill*         0x200000fe        0x2 
                0x20000100                        _edata = .

.igot.plt       0x20000100        0x0 load address 0x080090a8
 .igot.plt      0x20000100        0x0 C:/ST/STM32CubeIDE_1.19.0/STM32CubeIDE/plugins/com.st.stm32cube.ide.mcu.externaltools.gnu-tools-for-stm32.13.3.rel1.win32_1.0.0.202411081344/tools/bin/../lib/gcc/arm-none-eabi/13.3.1/thumb/v7e-m+fp/hard/crtbegin.o
                0x20000100                        . = ALIGN (0x4)

.bss            0x20000100     0x5cfc load address 0x080090a8
                0x20000100                        _sbss = .
                0x20000100                        __bss_start__ = _sbss
 *(.bss)
 .bss           0x20000100       0x1c C:/ST/STM32CubeIDE_1.19.0/STM32CubeIDE/plugins/com.st.stm32cube.ide.mcu.externaltools.gnu-tools-for-stm32.13.3.rel1.win32_1.0.0.202411081344/tools/bin/../lib/gcc/arm-none-eabi/13.3.1/thumb/v7e-m+fp/hard/crtbegin.o
 *(.bss*)
 .bss.xIdleTaskTCBBuffer
                0x2000011c       0x54 ./Core/Src/freertos.o
 .bss.xIdleStack
                0x20000170      0x200 ./Core/Src/freertos.o
 .bss.hadc1     0x20000370       0x48 ./Core/Src/main.o
                0x20000370                hadc1
 .bss.hi2c1     0x200003b8       0x54 ./Core/Src/main.o
                0x200003b8                hi2c1
 .bss.hspi1     0x2000040c       0x58 ./Core/Src/main.o
                0x2000040c                hspi1
 .bss.hspi2     0x20000464       0x58 ./Core/Src/main.o
                0x20000464                hspi2
 .bss.defaultTaskHandle
                0x200004bc        0x4 ./Core/Src/main.o
                0x200004bc                defaultTaskHandle
 .bss.uwTick    0x200004c0        0x4 ./Drivers/STM32F4xx_HAL_Driver/Src/stm32f4xx_hal.o
                0x200004c0                uwTick
 .bss.cfgidx.0  0x200004c4        0x1 ./Middlewares/ST/STM32_USB_Device_Library/Core/Src/usbd_ctlreq.o
 *fill*         0x200004c5        0x3 
 .bss.pxCurrentTCB
                0x200004c8        0x4 ./Middlewares/Third_Party/FreeRTOS/Source/tasks.o
                0x200004c8                pxCurrentTCB
 .bss.pxReadyTasksLists
                0x200004cc       0x8c ./Middlewares/Third_Party/FreeRTOS/Source/tasks.o
 .bss.xDelayedTaskList1
                0x20000558       0x14 ./Middlewares/Third_Party/FreeRTOS/Source/tasks.o
 .bss.xDelayedTaskList2
                0x2000056c       0x14 ./Middlewares/Third_Party/FreeRTOS/Source/tasks.o
 .bss.pxDelayedTaskList
                0x20000580        0x4 ./Middlewares/Third_Party/FreeRTOS/Source/tasks.o
 .bss.pxOverflowDelayedTaskList
                0x20000584        0x4 ./Middlewares/Third_Party/FreeRTOS/Source/tasks.o
 .bss.xPendingReadyList
                0x20000588       0x14 ./Middlewares/Third_Party/FreeRTOS/Source/tasks.o
 .bss.xTasksWaitingTermination
                0x2000059c       0x14 ./Middlewares/Third_Party/FreeRTOS/Source/tasks.o
 .bss.uxDeletedTasksWaitingCleanUp
                0x200005b0        0x4 ./Middlewares/Third_Party/FreeRTOS/Source/tasks.o
 .bss.xSuspendedTaskList
                0x200005b4       0x14 ./Middlewares/Third_Party/FreeRTOS/Source/tasks.o
 .bss.uxCurrentNumberOfTasks
                0x200005c8        0x4 ./Middlewares/Third_Party/FreeRTOS/Source/tasks.o
 .bss.xTickCount
                0x200005cc        0x4 ./Middlewares/Third_Party/FreeRTOS/Source/tasks.o
 .bss.uxTopReadyPriority
                0x200005d0        0x4 ./Middlewares/Third_Party/FreeRTOS/Source/tasks.o
 .bss.xSchedulerRunning
                0x200005d4        0x4 ./Middlewares/Third_Party/FreeRTOS/Source/tasks.o
 .bss.xPendedTicks
                0x200005d8        0x4 ./Middlewares/Third_Party/FreeRTOS/Source/tasks.o
 .bss.xYieldPending
                0x200005dc        0x4 ./Middlewares/Third_Party/FreeRTOS/Source/tasks.o
 .bss.xNumOfOverflows
                0x200005e0        0x4 ./Middlewares/Third_Party/FreeRTOS/Source/tasks.o
 .bss.uxTaskNumber
                0x200005e4        0x4 ./Middlewares/Third_Party/FreeRTOS/Source/tasks.o
 .bss.xNextTaskUnblockTime
                0x200005e8        0x4 ./Middlewares/Third_Party/FreeRTOS/Source/tasks.o
 .bss.xIdleTaskHandle
                0x200005ec        0x4 ./Middlewares/Third_Party/FreeRTOS/Source/tasks.o
 .bss.uxSchedulerSuspended
                0x200005f0        0x4 ./Middlewares/Third_Party/FreeRTOS/Source/tasks.o
 .bss.ucMaxSysCallPriority
                0x200005f4        0x1 ./Middlewares/Third_Party/FreeRTOS/Source/portable/GCC/ARM_CM4F/port.o
 *fill*         0x200005f5        0x3 
 .bss.ulMaxPRIGROUPValue
                0x200005f8        0x4 ./Middlewares/Third_Party/FreeRTOS/Source/portable/GCC/ARM_CM4F/port.o
 .bss.ucHeap    0x200005fc     0x3c00 ./Middlewares/Third_Party/FreeRTOS/Source/portable/MemMang/heap_4.o
 .bss.xStart    0x200041fc        0x8 ./Middlewares/Third_Party/FreeRTOS/Source/portable/MemMang/heap_4.o
 .bss.pxEnd     0x20004204        0x4 ./Middlewares/Third_Party/FreeRTOS/Source/portable/MemMang/heap_4.o
 .bss.xFreeBytesRemaining
                0x20004208        0x4 ./Middlewares/Third_Party/FreeRTOS/Source/portable/MemMang/heap_4.o
 .bss.xMinimumEverFreeBytesRemaining
                0x2000420c        0x4 ./Middlewares/Third_Party/FreeRTOS/Source/portable/MemMang/heap_4.o
 .bss.xNumberOfSuccessfulAllocations
                0x20004210        0x4 ./Middlewares/Third_Party/FreeRTOS/Source/portable/MemMang/heap_4.o
 .bss.xNumberOfSuccessfulFrees
                0x20004214        0x4 ./Middlewares/Third_Party/FreeRTOS/Source/portable/MemMang/heap_4.o
 .bss.xBlockAllocatedBit
                0x20004218        0x4 ./Middlewares/Third_Party/FreeRTOS/Source/portable/MemMang/heap_4.o
 .bss.hUsbDeviceFS
                0x2000421c      0x2dc ./USB_DEVICE/App/usb_device.o
                0x2000421c                hUsbDeviceFS
 .bss.UserRxBufferFS
                0x200044f8      0x800 ./USB_DEVICE/App/usbd_cdc_if.o
                0x200044f8                UserRxBufferFS
 .bss.UserTxBufferFS
                0x20004cf8      0x800 ./USB_DEVICE/App/usbd_cdc_if.o
                0x20004cf8                UserTxBufferFS
 .bss.USBD_StrDesc
                0x200054f8      0x200 ./USB_DEVICE/App/usbd_desc.o
                0x200054f8                USBD_StrDesc
 .bss.hpcd_USB_OTG_FS
                0x200056f8      0x4e4 ./USB_DEVICE/Target/usbd_conf.o
                0x200056f8                hpcd_USB_OTG_FS
 .bss.mem.0     0x20005bdc      0x220 ./USB_DEVICE/Target/usbd_conf.o
 *(COMMON)
                0x20005dfc                        . = ALIGN (0x4)
                0x20005dfc                        _ebss = .
                0x20005dfc                        __bss_end__ = _ebss

._user_heap_stack
                0x20005dfc      0x604 load address 0x080090a8
                0x20005e00                        . = ALIGN (0x8)
 *fill*         0x20005dfc        0x4 
                [!provide]                        PROVIDE (end = .)
                0x20005e00                        PROVIDE (_end = .)
                0x20006000                        . = (. + _Min_Heap_Size)
 *fill*         0x20005e00      0x200 
                0x20006400                        . = (. + _Min_Stack_Size)
 *fill*         0x20006000      0x400 
                0x20006400                        . = ALIGN (0x8)

/DISCARD/
 libc.a(*)
 libm.a(*)
 libgcc.a(*)

.ARM.attributes
                0x00000000       0x30
 *(.ARM.attributes)
 .ARM.attributes
                0x00000000       0x22 C:/ST/STM32CubeIDE_1.19.0/STM32CubeIDE/plugins/com.st.stm32cube.ide.mcu.externaltools.gnu-tools-for-stm32.13.3.rel1.win32_1.0.0.202411081344/tools/bin/../lib/gcc/arm-none-eabi/13.3.1/thumb/v7e-m+fp/hard/crti.o
 .ARM.attributes
                0x00000022       0x34 C:/ST/STM32CubeIDE_1.19.0/STM32CubeIDE/plugins/com.st.stm32cube.ide.mcu.externaltools.gnu-tools-for-stm32.13.3.rel1.win32_1.0.0.202411081344/tools/bin/../lib/gcc/arm-none-eabi/13.3.1/thumb/v7e-m+fp/hard/crtbegin.o
 .ARM.attributes
                0x00000056       0x34 ./Core/Src/freertos.o
 .ARM.attributes
                0x0000008a       0x34 ./Core/Src/main.o
 .ARM.attributes
                0x000000be       0x34 ./Core/Src/stm32f4xx_hal_msp.o
 .ARM.attributes
                0x000000f2       0x34 ./Core/Src/stm32f4xx_it.o
 .ARM.attributes
                0x00000126       0x34 ./Core/Src/system_stm32f4xx.o
 .ARM.attributes
                0x0000015a       0x21 ./Core/Startup/startup_stm32f411ceux.o
 .ARM.attributes
                0x0000017b       0x34 ./Drivers/STM32F4xx_HAL_Driver/Src/stm32f4xx_hal.o
 .ARM.attributes
                0x000001af       0x34 ./Drivers/STM32F4xx_HAL_Driver/Src/stm32f4xx_hal_adc.o
 .ARM.attributes
                0x000001e3       0x34 ./Drivers/STM32F4xx_HAL_Driver/Src/stm32f4xx_hal_cortex.o
 .ARM.attributes
                0x00000217       0x34 ./Drivers/STM32F4xx_HAL_Driver/Src/stm32f4xx_hal_gpio.o
 .ARM.attributes
                0x0000024b       0x34 ./Drivers/STM32F4xx_HAL_Driver/Src/stm32f4xx_hal_i2c.o
 .ARM.attributes
                0x0000027f       0x34 ./Drivers/STM32F4xx_HAL_Driver/Src/stm32f4xx_hal_pcd.o
 .ARM.attributes
                0x000002b3       0x34 ./Drivers/STM32F4xx_HAL_Driver/Src/stm32f4xx_hal_pcd_ex.o
 .ARM.attributes
                0x000002e7       0x34 ./Drivers/STM32F4xx_HAL_Driver/Src/stm32f4xx_hal_rcc.o
 .ARM.attributes
                0x0000031b       0x34 ./Drivers/STM32F4xx_HAL_Driver/Src/stm32f4xx_hal_spi.o
 .ARM.attributes
                0x0000034f       0x34 ./Drivers/STM32F4xx_HAL_Driver/Src/stm32f4xx_ll_usb.o
 .ARM.attributes
                0x00000383       0x34 ./Middlewares/ST/STM32_USB_Device_Library/Class/CDC/Src/usbd_cdc.o
 .ARM.attributes
                0x000003b7       0x34 ./Middlewares/ST/STM32_USB_Device_Library/Core/Src/usbd_core.o
 .ARM.attributes
                0x000003eb       0x34 ./Middlewares/ST/STM32_USB_Device_Library/Core/Src/usbd_ctlreq.o
 .ARM.attributes
                0x0000041f       0x34 ./Middlewares/ST/STM32_USB_Device_Library/Core/Src/usbd_ioreq.o
 .ARM.attributes
                0x00000453       0x34 ./Middlewares/Third_Party/FreeRTOS/Source/CMSIS_RTOS/cmsis_os.o
 .ARM.attributes
                0x00000487       0x34 ./Middlewares/Third_Party/FreeRTOS/Source/list.o
 .ARM.attributes
                0x000004bb       0x34 ./Middlewares/Third_Party/FreeRTOS/Source/tasks.o
 .ARM.attributes
                0x000004ef       0x34 ./Middlewares/Third_Party/FreeRTOS/Source/portable/GCC/ARM_CM4F/port.o
 .ARM.attributes
                0x00000523       0x34 ./Middlewares/Third_Party/FreeRTOS/Source/portable/MemMang/heap_4.o
 .ARM.attributes
                0x00000557       0x34 ./USB_DEVICE/App/usb_device.o
 .ARM.attributes
                0x0000058b       0x34 ./USB_DEVICE/App/usbd_cdc_if.o
 .ARM.attributes
                0x000005bf       0x34 ./USB_DEVICE/App/usbd_desc.o
 .ARM.attributes
                0x000005f3       0x34 ./USB_DEVICE/Target/usbd_conf.o
 .ARM.attributes
                0x00000627       0x34 C:/ST/STM32CubeIDE_1.19.0/STM32CubeIDE/plugins/com.st.stm32cube.ide.mcu.externaltools.gnu-tools-for-stm32.13.3.rel1.win32_1.0.0.202411081344/tools/bin/../lib/gcc/arm-none-eabi/13.3.1/../../../../arm-none-eabi/lib/thumb/v7e-m+fp/hard\libc_nano.a(libc_a-memset.o)
 .ARM.attributes
                0x0000065b       0x34 C:/ST/STM32CubeIDE_1.19.0/STM32CubeIDE/plugins/com.st.stm32cube.ide.mcu.externaltools.gnu-tools-for-stm32.13.3.rel1.win32_1.0.0.202411081344/tools/bin/../lib/gcc/arm-none-eabi/13.3.1/../../../../arm-none-eabi/lib/thumb/v7e-m+fp/hard\libc_nano.a(libc_a-init.o)
 .ARM.attributes
                0x0000068f       0x22 C:/ST/STM32CubeIDE_1.19.0/STM32CubeIDE/plugins/com.st.stm32cube.ide.mcu.externaltools.gnu-tools-for-stm32.13.3.rel1.win32_1.0.0.202411081344/tools/bin/../lib/gcc/arm-none-eabi/13.3.1/thumb/v7e-m+fp/hard\libgcc.a(_aeabi_uldivmod.o)
 .ARM.attributes
                0x000006b1       0x34 C:/ST/STM32CubeIDE_1.19.0/STM32CubeIDE/plugins/com.st.stm32cube.ide.mcu.externaltools.gnu-tools-for-stm32.13.3.rel1.win32_1.0.0.202411081344/tools/bin/../lib/gcc/arm-none-eabi/13.3.1/thumb/v7e-m+fp/hard\libgcc.a(_udivmoddi4.o)
 .ARM.attributes
                0x000006e5       0x22 C:/ST/STM32CubeIDE_1.19.0/STM32CubeIDE/plugins/com.st.stm32cube.ide.mcu.externaltools.gnu-tools-for-stm32.13.3.rel1.win32_1.0.0.202411081344/tools/bin/../lib/gcc/arm-none-eabi/13.3.1/thumb/v7e-m+fp/hard\libgcc.a(_dvmd_tls.o)
 .ARM.attributes
                0x00000707       0x22 C:/ST/STM32CubeIDE_1.19.0/STM32CubeIDE/plugins/com.st.stm32cube.ide.mcu.externaltools.gnu-tools-for-stm32.13.3.rel1.win32_1.0.0.202411081344/tools/bin/../lib/gcc/arm-none-eabi/13.3.1/thumb/v7e-m+fp/hard/crtn.o
OUTPUT(RX_Ra02.elf elf32-littlearm)
LOAD linker stubs
LOAD C:/ST/STM32CubeIDE_1.19.0/STM32CubeIDE/plugins/com.st.stm32cube.ide.mcu.externaltools.gnu-tools-for-stm32.13.3.rel1.win32_1.0.0.202411081344/tools/bin/../lib/gcc/arm-none-eabi/13.3.1/../../../../arm-none-eabi/lib/thumb/v7e-m+fp/hard\libc.a
LOAD C:/ST/STM32CubeIDE_1.19.0/STM32CubeIDE/plugins/com.st.stm32cube.ide.mcu.externaltools.gnu-tools-for-stm32.13.3.rel1.win32_1.0.0.202411081344/tools/bin/../lib/gcc/arm-none-eabi/13.3.1/../../../../arm-none-eabi/lib/thumb/v7e-m+fp/hard\libm.a
LOAD C:/ST/STM32CubeIDE_1.19.0/STM32CubeIDE/plugins/com.st.stm32cube.ide.mcu.externaltools.gnu-tools-for-stm32.13.3.rel1.win32_1.0.0.202411081344/tools/bin/../lib/gcc/arm-none-eabi/13.3.1/thumb/v7e-m+fp/hard\libgcc.a

.debug_info     0x00000000    0x17f4e
 .debug_info    0x00000000      0x279 ./Core/Src/freertos.o
 .debug_info    0x00000279     0x15fd ./Core/Src/main.o
 .debug_info    0x00001876     0x115b ./Core/Src/stm32f4xx_hal_msp.o
 .debug_info    0x000029d1      0x62f ./Core/Src/stm32f4xx_it.o
 .debug_info    0x00003000      0x53e ./Core/Src/system_stm32f4xx.o
 .debug_info    0x0000353e       0x30 ./Core/Startup/startup_stm32f411ceux.o
 .debug_info    0x0000356e      0x8c4 ./Drivers/STM32F4xx_HAL_Driver/Src/stm32f4xx_hal.o
 .debug_info    0x00003e32      0xce0 ./Drivers/STM32F4xx_HAL_Driver/Src/stm32f4xx_hal_adc.o
 .debug_info    0x00004b12      0xcfc ./Drivers/STM32F4xx_HAL_Driver/Src/stm32f4xx_hal_cortex.o
 .debug_info    0x0000580e      0x6f9 ./Drivers/STM32F4xx_HAL_Driver/Src/stm32f4xx_hal_gpio.o
 .debug_info    0x00005f07     0x2426 ./Drivers/STM32F4xx_HAL_Driver/Src/stm32f4xx_hal_i2c.o
 .debug_info    0x0000832d     0x1577 ./Drivers/STM32F4xx_HAL_Driver/Src/stm32f4xx_hal_pcd.o
 .debug_info    0x000098a4      0x6ea ./Drivers/STM32F4xx_HAL_Driver/Src/stm32f4xx_hal_pcd_ex.o
 .debug_info    0x00009f8e      0x904 ./Drivers/STM32F4xx_HAL_Driver/Src/stm32f4xx_hal_rcc.o
 .debug_info    0x0000a892     0x1530 ./Drivers/STM32F4xx_HAL_Driver/Src/stm32f4xx_hal_spi.o
 .debug_info    0x0000bdc2     0x1993 ./Drivers/STM32F4xx_HAL_Driver/Src/stm32f4xx_ll_usb.o
 .debug_info    0x0000d755     0x12b1 ./Middlewares/ST/STM32_USB_Device_Library/Class/CDC/Src/usbd_cdc.o
 .debug_info    0x0000ea06      0xe12 ./Middlewares/ST/STM32_USB_Device_Library/Core/Src/usbd_core.o
 .debug_info    0x0000f818      0xaeb ./Middlewares/ST/STM32_USB_Device_Library/Core/Src/usbd_ctlreq.o
 .debug_info    0x00010303      0x762 ./Middlewares/ST/STM32_USB_Device_Library/Core/Src/usbd_ioreq.o
 .debug_info    0x00010a65     0x1b60 ./Middlewares/Third_Party/FreeRTOS/Source/CMSIS_RTOS/cmsis_os.o
 .debug_info    0x000125c5      0x2af ./Middlewares/Third_Party/FreeRTOS/Source/list.o
 .debug_info    0x00012874     0x1ca7 ./Middlewares/Third_Party/FreeRTOS/Source/tasks.o
 .debug_info    0x0001451b      0x4de ./Middlewares/Third_Party/FreeRTOS/Source/portable/GCC/ARM_CM4F/port.o
 .debug_info    0x000149f9      0x4d5 ./Middlewares/Third_Party/FreeRTOS/Source/portable/MemMang/heap_4.o
 .debug_info    0x00014ece      0x70e ./USB_DEVICE/App/usb_device.o
 .debug_info    0x000155dc      0x907 ./USB_DEVICE/App/usbd_cdc_if.o
 .debug_info    0x00015ee3      0x458 ./USB_DEVICE/App/usbd_desc.o
 .debug_info    0x0001633b     0x1c13 ./USB_DEVICE/Target/usbd_conf.o

.debug_abbrev   0x00000000     0x4074
 .debug_abbrev  0x00000000       0xd2 ./Core/Src/freertos.o
 .debug_abbrev  0x000000d2      0x30a ./Core/Src/main.o
 .debug_abbrev  0x000003dc      0x206 ./Core/Src/stm32f4xx_hal_msp.o
 .debug_abbrev  0x000005e2      0x1b9 ./Core/Src/stm32f4xx_it.o
 .debug_abbrev  0x0000079b      0x11a ./Core/Src/system_stm32f4xx.o
 .debug_abbrev  0x000008b5       0x24 ./Core/Startup/startup_stm32f411ceux.o
 .debug_abbrev  0x000008d9      0x24b ./Drivers/STM32F4xx_HAL_Driver/Src/stm32f4xx_hal.o
 .debug_abbrev  0x00000b24      0x20e ./Drivers/STM32F4xx_HAL_Driver/Src/stm32f4xx_hal_adc.o
 .debug_abbrev  0x00000d32      0x31d ./Drivers/STM32F4xx_HAL_Driver/Src/stm32f4xx_hal_cortex.o
 .debug_abbrev  0x0000104f      0x1d3 ./Drivers/STM32F4xx_HAL_Driver/Src/stm32f4xx_hal_gpio.o
 .debug_abbrev  0x00001222      0x2bc ./Drivers/STM32F4xx_HAL_Driver/Src/stm32f4xx_hal_i2c.o
 .debug_abbrev  0x000014de      0x2b6 ./Drivers/STM32F4xx_HAL_Driver/Src/stm32f4xx_hal_pcd.o
 .debug_abbrev  0x00001794      0x1da ./Drivers/STM32F4xx_HAL_Driver/Src/stm32f4xx_hal_pcd_ex.o
 .debug_abbrev  0x0000196e      0x2b6 ./Drivers/STM32F4xx_HAL_Driver/Src/stm32f4xx_hal_rcc.o
 .debug_abbrev  0x00001c24      0x276 ./Drivers/STM32F4xx_HAL_Driver/Src/stm32f4xx_hal_spi.o
 .debug_abbrev  0x00001e9a      0x2b3 ./Drivers/STM32F4xx_HAL_Driver/Src/stm32f4xx_ll_usb.o
 .debug_abbrev  0x0000214d      0x2d2 ./Middlewares/ST/STM32_USB_Device_Library/Class/CDC/Src/usbd_cdc.o
 .debug_abbrev  0x0000241f      0x27c ./Middlewares/ST/STM32_USB_Device_Library/Core/Src/usbd_core.o
 .debug_abbrev  0x0000269b      0x26f ./Middlewares/ST/STM32_USB_Device_Library/Core/Src/usbd_ctlreq.o
 .debug_abbrev  0x0000290a      0x19a ./Middlewares/ST/STM32_USB_Device_Library/Core/Src/usbd_ioreq.o
 .debug_abbrev  0x00002aa4      0x3b7 ./Middlewares/Third_Party/FreeRTOS/Source/CMSIS_RTOS/cmsis_os.o
 .debug_abbrev  0x00002e5b       0xf5 ./Middlewares/Third_Party/FreeRTOS/Source/list.o
 .debug_abbrev  0x00002f50      0x359 ./Middlewares/Third_Party/FreeRTOS/Source/tasks.o
 .debug_abbrev  0x000032a9      0x25c ./Middlewares/Third_Party/FreeRTOS/Source/portable/GCC/ARM_CM4F/port.o
 .debug_abbrev  0x00003505      0x21d ./Middlewares/Third_Party/FreeRTOS/Source/portable/MemMang/heap_4.o
 .debug_abbrev  0x00003722      0x195 ./USB_DEVICE/App/usb_device.o
 .debug_abbrev  0x000038b7      0x29d ./USB_DEVICE/App/usbd_cdc_if.o
 .debug_abbrev  0x00003b54      0x1e1 ./USB_DEVICE/App/usbd_desc.o
 .debug_abbrev  0x00003d35      0x33f ./USB_DEVICE/Target/usbd_conf.o

.debug_aranges  0x00000000     0x15c0
 .debug_aranges
                0x00000000       0x20 ./Core/Src/freertos.o
 .debug_aranges
                0x00000020       0x60 ./Core/Src/main.o
 .debug_aranges
                0x00000080       0x50 ./Core/Src/stm32f4xx_hal_msp.o
 .debug_aranges
                0x000000d0       0x58 ./Core/Src/stm32f4xx_it.o
 .debug_aranges
                0x00000128       0x28 ./Core/Src/system_stm32f4xx.o
 .debug_aranges
                0x00000150       0x28 ./Core/Startup/startup_stm32f411ceux.o
 .debug_aranges
                0x00000178       0xf0 ./Drivers/STM32F4xx_HAL_Driver/Src/stm32f4xx_hal.o
 .debug_aranges
                0x00000268       0xe8 ./Drivers/STM32F4xx_HAL_Driver/Src/stm32f4xx_hal_adc.o
 .debug_aranges
                0x00000350      0x130 ./Drivers/STM32F4xx_HAL_Driver/Src/stm32f4xx_hal_cortex.o
 .debug_aranges
                0x00000480       0x58 ./Drivers/STM32F4xx_HAL_Driver/Src/stm32f4xx_hal_gpio.o
 .debug_aranges
                0x000004d8      0x2a8 ./Drivers/STM32F4xx_HAL_Driver/Src/stm32f4xx_hal_i2c.o
 .debug_aranges
                0x00000780      0x148 ./Drivers/STM32F4xx_HAL_Driver/Src/stm32f4xx_hal_pcd.o
 .debug_aranges
                0x000008c8       0x38 ./Drivers/STM32F4xx_HAL_Driver/Src/stm32f4xx_hal_pcd_ex.o
 .debug_aranges
                0x00000900       0x88 ./Drivers/STM32F4xx_HAL_Driver/Src/stm32f4xx_hal_rcc.o
 .debug_aranges
                0x00000988      0x1d0 ./Drivers/STM32F4xx_HAL_Driver/Src/stm32f4xx_hal_spi.o
 .debug_aranges
                0x00000b58      0x1a0 ./Drivers/STM32F4xx_HAL_Driver/Src/stm32f4xx_ll_usb.o
 .debug_aranges
                0x00000cf8       0x90 ./Middlewares/ST/STM32_USB_Device_Library/Class/CDC/Src/usbd_cdc.o
 .debug_aranges
                0x00000d88       0xd8 ./Middlewares/ST/STM32_USB_Device_Library/Core/Src/usbd_core.o
 .debug_aranges
                0x00000e60       0x90 ./Middlewares/ST/STM32_USB_Device_Library/Core/Src/usbd_ctlreq.o
 .debug_aranges
                0x00000ef0       0x50 ./Middlewares/ST/STM32_USB_Device_Library/Core/Src/usbd_ioreq.o
 .debug_aranges
                0x00000f40      0x1d8 ./Middlewares/Third_Party/FreeRTOS/Source/CMSIS_RTOS/cmsis_os.o
 .debug_aranges
                0x00001118       0x40 ./Middlewares/Third_Party/FreeRTOS/Source/list.o
 .debug_aranges
                0x00001158      0x1b8 ./Middlewares/Third_Party/FreeRTOS/Source/tasks.o
 .debug_aranges
                0x00001310       0x80 ./Middlewares/Third_Party/FreeRTOS/Source/portable/GCC/ARM_CM4F/port.o
 .debug_aranges
                0x00001390       0x58 ./Middlewares/Third_Party/FreeRTOS/Source/portable/MemMang/heap_4.o
 .debug_aranges
                0x000013e8       0x20 ./USB_DEVICE/App/usb_device.o
 .debug_aranges
                0x00001408       0x48 ./USB_DEVICE/App/usbd_cdc_if.o
 .debug_aranges
                0x00001450       0x60 ./USB_DEVICE/App/usbd_desc.o
 .debug_aranges
                0x000014b0      0x110 ./USB_DEVICE/Target/usbd_conf.o

.debug_rnglists
                0x00000000     0x1094
 .debug_rnglists
                0x00000000       0x13 ./Core/Src/freertos.o
 .debug_rnglists
                0x00000013       0x46 ./Core/Src/main.o
 .debug_rnglists
                0x00000059       0x3a ./Core/Src/stm32f4xx_hal_msp.o
 .debug_rnglists
                0x00000093       0x3d ./Core/Src/stm32f4xx_it.o
 .debug_rnglists
                0x000000d0       0x1a ./Core/Src/system_stm32f4xx.o
 .debug_rnglists
                0x000000ea       0x19 ./Core/Startup/startup_stm32f411ceux.o
 .debug_rnglists
                0x00000103       0xaf ./Drivers/STM32F4xx_HAL_Driver/Src/stm32f4xx_hal.o
 .debug_rnglists
                0x000001b2       0xb5 ./Drivers/STM32F4xx_HAL_Driver/Src/stm32f4xx_hal_adc.o
 .debug_rnglists
                0x00000267       0xe0 ./Drivers/STM32F4xx_HAL_Driver/Src/stm32f4xx_hal_cortex.o
 .debug_rnglists
                0x00000347       0x3f ./Drivers/STM32F4xx_HAL_Driver/Src/stm32f4xx_hal_gpio.o
 .debug_rnglists
                0x00000386      0x23c ./Drivers/STM32F4xx_HAL_Driver/Src/stm32f4xx_hal_i2c.o
 .debug_rnglists
                0x000005c2       0xfa ./Drivers/STM32F4xx_HAL_Driver/Src/stm32f4xx_hal_pcd.o
 .debug_rnglists
                0x000006bc       0x26 ./Drivers/STM32F4xx_HAL_Driver/Src/stm32f4xx_hal_pcd_ex.o
 .debug_rnglists
                0x000006e2       0x66 ./Drivers/STM32F4xx_HAL_Driver/Src/stm32f4xx_hal_rcc.o
 .debug_rnglists
                0x00000748      0x16f ./Drivers/STM32F4xx_HAL_Driver/Src/stm32f4xx_hal_spi.o
 .debug_rnglists
                0x000008b7      0x147 ./Drivers/STM32F4xx_HAL_Driver/Src/stm32f4xx_ll_usb.o
 .debug_rnglists
                0x000009fe       0x6c ./Middlewares/ST/STM32_USB_Device_Library/Class/CDC/Src/usbd_cdc.o
 .debug_rnglists
                0x00000a6a       0xa1 ./Middlewares/ST/STM32_USB_Device_Library/Core/Src/usbd_core.o
 .debug_rnglists
                0x00000b0b       0x6e ./Middlewares/ST/STM32_USB_Device_Library/Core/Src/usbd_ctlreq.o
 .debug_rnglists
                0x00000b79       0x37 ./Middlewares/ST/STM32_USB_Device_Library/Core/Src/usbd_ioreq.o
 .debug_rnglists
                0x00000bb0      0x16a ./Middlewares/Third_Party/FreeRTOS/Source/CMSIS_RTOS/cmsis_os.o
 .debug_rnglists
                0x00000d1a       0x2b ./Middlewares/Third_Party/FreeRTOS/Source/list.o
 .debug_rnglists
                0x00000d45      0x15f ./Middlewares/Third_Party/FreeRTOS/Source/tasks.o
 .debug_rnglists
                0x00000ea4       0x5d ./Middlewares/Third_Party/FreeRTOS/Source/portable/GCC/ARM_CM4F/port.o
 .debug_rnglists
                0x00000f01       0x42 ./Middlewares/Third_Party/FreeRTOS/Source/portable/MemMang/heap_4.o
 .debug_rnglists
                0x00000f43       0x13 ./USB_DEVICE/App/usb_device.o
 .debug_rnglists
                0x00000f56       0x32 ./USB_DEVICE/App/usbd_cdc_if.o
 .debug_rnglists
                0x00000f88       0x43 ./USB_DEVICE/App/usbd_desc.o
 .debug_rnglists
                0x00000fcb       0xc9 ./USB_DEVICE/Target/usbd_conf.o

.debug_macro    0x00000000    0x1ba35
 .debug_macro   0x00000000      0x296 ./Core/Src/freertos.o
 .debug_macro   0x00000296      0xad8 ./Core/Src/freertos.o
 .debug_macro   0x00000d6e      0x190 ./Core/Src/freertos.o
 .debug_macro   0x00000efe       0x22 ./Core/Src/freertos.o
 .debug_macro   0x00000f20       0x8e ./Core/Src/freertos.o
 .debug_macro   0x00000fae       0x51 ./Core/Src/freertos.o
 .debug_macro   0x00000fff      0x103 ./Core/Src/freertos.o
 .debug_macro   0x00001102       0x6a ./Core/Src/freertos.o
 .debug_macro   0x0000116c      0x1df ./Core/Src/freertos.o
 .debug_macro   0x0000134b       0xe4 ./Core/Src/freertos.o
 .debug_macro   0x0000142f      0x15a ./Core/Src/freertos.o
 .debug_macro   0x00001589       0xde ./Core/Src/freertos.o
 .debug_macro   0x00001667       0x1c ./Core/Src/freertos.o
 .debug_macro   0x00001683       0x26 ./Core/Src/freertos.o
 .debug_macro   0x000016a9      0x504 ./Core/Src/freertos.o
 .debug_macro   0x00001bad       0xb5 ./Core/Src/freertos.o
 .debug_macro   0x00001c62       0xaa ./Core/Src/freertos.o
 .debug_macro   0x00001d0c      0x2a7 ./Core/Src/freertos.o
 .debug_macro   0x00001fb3       0x2e ./Core/Src/freertos.o
 .debug_macro   0x00001fe1       0x28 ./Core/Src/freertos.o
 .debug_macro   0x00002009       0x1c ./Core/Src/freertos.o
 .debug_macro   0x00002025       0x22 ./Core/Src/freertos.o
 .debug_macro   0x00002047       0xfb ./Core/Src/freertos.o
 .debug_macro   0x00002142     0x1011 ./Core/Src/freertos.o
 .debug_macro   0x00003153      0x11f ./Core/Src/freertos.o
 .debug_macro   0x00003272     0xb968 ./Core/Src/freertos.o
 .debug_macro   0x0000ebda       0x6d ./Core/Src/freertos.o
 .debug_macro   0x0000ec47     0x3693 ./Core/Src/freertos.o
 .debug_macro   0x000122da       0x5c ./Core/Src/freertos.o
 .debug_macro   0x00012336      0x45c ./Core/Src/freertos.o
 .debug_macro   0x00012792      0x9e9 ./Core/Src/freertos.o
 .debug_macro   0x0001317b      0x115 ./Core/Src/freertos.o
 .debug_macro   0x00013290      0x11b ./Core/Src/freertos.o
 .debug_macro   0x000133ab       0xa5 ./Core/Src/freertos.o
 .debug_macro   0x00013450      0x15f ./Core/Src/freertos.o
 .debug_macro   0x000135af      0x287 ./Core/Src/freertos.o
 .debug_macro   0x00013836       0x5f ./Core/Src/freertos.o
 .debug_macro   0x00013895      0x236 ./Core/Src/freertos.o
 .debug_macro   0x00013acb      0x9e1 ./Core/Src/freertos.o
 .debug_macro   0x000144ac      0x38b ./Core/Src/freertos.o
 .debug_macro   0x00014837      0x17d ./Core/Src/freertos.o
 .debug_macro   0x000149b4       0xf9 ./Core/Src/freertos.o
 .debug_macro   0x00014aad      0x132 ./Core/Src/freertos.o
 .debug_macro   0x00014bdf      0x264 ./Core/Src/freertos.o
 .debug_macro   0x00014e43       0x2e ./Core/Src/freertos.o
 .debug_macro   0x00014e71      0x1b5 ./Core/Src/freertos.o
 .debug_macro   0x00015026       0x22 ./Core/Src/freertos.o
 .debug_macro   0x00015048       0xd6 ./Core/Src/freertos.o
 .debug_macro   0x0001511e      0x127 ./Core/Src/freertos.o
 .debug_macro   0x00015245       0x85 ./Core/Src/freertos.o
 .debug_macro   0x000152ca       0x89 ./Core/Src/freertos.o
 .debug_macro   0x00015353      0x225 ./Core/Src/freertos.o
 .debug_macro   0x00015578      0x293 ./Core/Src/freertos.o
 .debug_macro   0x0001580b       0xba ./Core/Src/freertos.o
 .debug_macro   0x000158c5      0x126 ./Core/Src/freertos.o
 .debug_macro   0x000159eb       0xc4 ./Core/Src/freertos.o
 .debug_macro   0x00015aaf      0x445 ./Core/Src/main.o
 .debug_macro   0x00015ef4       0xe4 ./Core/Src/main.o
 .debug_macro   0x00015fd8       0x91 ./Core/Src/main.o
 .debug_macro   0x00016069       0x8d ./Core/Src/main.o
 .debug_macro   0x000160f6       0x7e ./Core/Src/main.o
 .debug_macro   0x00016174       0x19 ./Core/Src/main.o
 .debug_macro   0x0001618d       0xf2 ./Core/Src/main.o
 .debug_macro   0x0001627f       0x61 ./Core/Src/main.o
 .debug_macro   0x000162e0       0x2a ./Core/Src/main.o
 .debug_macro   0x0001630a       0x43 ./Core/Src/main.o
 .debug_macro   0x0001634d       0x34 ./Core/Src/main.o
 .debug_macro   0x00016381       0x16 ./Core/Src/main.o
 .debug_macro   0x00016397       0x3c ./Core/Src/main.o
 .debug_macro   0x000163d3      0x370 ./Core/Src/main.o
 .debug_macro   0x00016743       0x10 ./Core/Src/main.o
 .debug_macro   0x00016753       0x16 ./Core/Src/main.o
 .debug_macro   0x00016769       0x4a ./Core/Src/main.o
 .debug_macro   0x000167b3       0x34 ./Core/Src/main.o
 .debug_macro   0x000167e7       0x10 ./Core/Src/main.o
 .debug_macro   0x000167f7       0x58 ./Core/Src/main.o
 .debug_macro   0x0001684f       0x8e ./Core/Src/main.o
 .debug_macro   0x000168dd       0x1c ./Core/Src/main.o
 .debug_macro   0x000168f9      0x185 ./Core/Src/main.o
 .debug_macro   0x00016a7e       0x16 ./Core/Src/main.o
 .debug_macro   0x00016a94       0x16 ./Core/Src/main.o
 .debug_macro   0x00016aaa      0x146 ./Core/Src/main.o
 .debug_macro   0x00016bf0       0x16 ./Core/Src/main.o
 .debug_macro   0x00016c06       0x16 ./Core/Src/main.o
 .debug_macro   0x00016c1c       0x29 ./Core/Src/main.o
 .debug_macro   0x00016c45       0x16 ./Core/Src/main.o
 .debug_macro   0x00016c5b       0x20 ./Core/Src/main.o
 .debug_macro   0x00016c7b       0x65 ./Core/Src/main.o
 .debug_macro   0x00016ce0      0x20f ./Core/Src/main.o
 .debug_macro   0x00016eef      0x22e ./Core/Src/stm32f4xx_hal_msp.o
 .debug_macro   0x0001711d      0x2a0 ./Core/Src/stm32f4xx_it.o
 .debug_macro   0x000173bd      0x21f ./Core/Src/system_stm32f4xx.o
 .debug_macro   0x000175dc      0x27f ./Drivers/STM32F4xx_HAL_Driver/Src/stm32f4xx_hal.o
 .debug_macro   0x0001785b      0x220 ./Drivers/STM32F4xx_HAL_Driver/Src/stm32f4xx_hal_adc.o
 .debug_macro   0x00017a7b      0x21f ./Drivers/STM32F4xx_HAL_Driver/Src/stm32f4xx_hal_cortex.o
 .debug_macro   0x00017c9a      0x225 ./Drivers/STM32F4xx_HAL_Driver/Src/stm32f4xx_hal_gpio.o
 .debug_macro   0x00017ebf      0x26d ./Drivers/STM32F4xx_HAL_Driver/Src/stm32f4xx_hal_i2c.o
 .debug_macro   0x0001812c      0x22b ./Drivers/STM32F4xx_HAL_Driver/Src/stm32f4xx_hal_pcd.o
 .debug_macro   0x00018357      0x21f ./Drivers/STM32F4xx_HAL_Driver/Src/stm32f4xx_hal_pcd_ex.o
 .debug_macro   0x00018576      0x243 ./Drivers/STM32F4xx_HAL_Driver/Src/stm32f4xx_hal_rcc.o
 .debug_macro   0x000187b9      0x22e ./Drivers/STM32F4xx_HAL_Driver/Src/stm32f4xx_hal_spi.o
 .debug_macro   0x000189e7      0x21f ./Drivers/STM32F4xx_HAL_Driver/Src/stm32f4xx_ll_usb.o
 .debug_macro   0x00018c06      0x3bd ./Middlewares/ST/STM32_USB_Device_Library/Class/CDC/Src/usbd_cdc.o
 .debug_macro   0x00018fc3       0x9e ./Middlewares/ST/STM32_USB_Device_Library/Class/CDC/Src/usbd_cdc.o
 .debug_macro   0x00019061      0x112 ./Middlewares/ST/STM32_USB_Device_Library/Class/CDC/Src/usbd_cdc.o
 .debug_macro   0x00019173       0x56 ./Middlewares/ST/STM32_USB_Device_Library/Class/CDC/Src/usbd_cdc.o
 .debug_macro   0x000191c9       0x95 ./Middlewares/ST/STM32_USB_Device_Library/Class/CDC/Src/usbd_cdc.o
 .debug_macro   0x0001925e      0x3a4 ./Middlewares/ST/STM32_USB_Device_Library/Core/Src/usbd_core.o
 .debug_macro   0x00019602      0x215 ./Middlewares/ST/STM32_USB_Device_Library/Core/Src/usbd_core.o
 .debug_macro   0x00019817      0x3ae ./Middlewares/ST/STM32_USB_Device_Library/Core/Src/usbd_ctlreq.o
 .debug_macro   0x00019bc5      0x3aa ./Middlewares/ST/STM32_USB_Device_Library/Core/Src/usbd_ioreq.o
 .debug_macro   0x00019f6f      0x1fe ./Middlewares/Third_Party/FreeRTOS/Source/CMSIS_RTOS/cmsis_os.o
 .debug_macro   0x0001a16d       0x10 ./Middlewares/Third_Party/FreeRTOS/Source/CMSIS_RTOS/cmsis_os.o
 .debug_macro   0x0001a17d       0xe9 ./Middlewares/Third_Party/FreeRTOS/Source/CMSIS_RTOS/cmsis_os.o
 .debug_macro   0x0001a266      0x187 ./Middlewares/Third_Party/FreeRTOS/Source/list.o
 .debug_macro   0x0001a3ed      0x279 ./Middlewares/Third_Party/FreeRTOS/Source/tasks.o
 .debug_macro   0x0001a666       0x10 ./Middlewares/Third_Party/FreeRTOS/Source/tasks.o
 .debug_macro   0x0001a676      0x196 ./Middlewares/Third_Party/FreeRTOS/Source/portable/GCC/ARM_CM4F/port.o
 .debug_macro   0x0001a80c      0x1ae ./Middlewares/Third_Party/FreeRTOS/Source/portable/MemMang/heap_4.o
 .debug_macro   0x0001a9ba      0x3dd ./USB_DEVICE/App/usb_device.o
 .debug_macro   0x0001ad97       0xca ./USB_DEVICE/App/usb_device.o
 .debug_macro   0x0001ae61       0x22 ./USB_DEVICE/App/usb_device.o
 .debug_macro   0x0001ae83       0x16 ./USB_DEVICE/App/usb_device.o
 .debug_macro   0x0001ae99      0x3c8 ./USB_DEVICE/App/usbd_cdc_if.o
 .debug_macro   0x0001b261       0x10 ./USB_DEVICE/App/usbd_cdc_if.o
 .debug_macro   0x0001b271      0x3e7 ./USB_DEVICE/App/usbd_desc.o
 .debug_macro   0x0001b658       0x1c ./USB_DEVICE/App/usbd_desc.o
 .debug_macro   0x0001b674      0x3c1 ./USB_DEVICE/Target/usbd_conf.o

.debug_line     0x00000000    0x1bb8f
 .debug_line    0x00000000      0x8d2 ./Core/Src/freertos.o
 .debug_line    0x000008d2      0xded ./Core/Src/main.o
 .debug_line    0x000016bf      0x8e8 ./Core/Src/stm32f4xx_hal_msp.o
 .debug_line    0x00001fa7      0x984 ./Core/Src/stm32f4xx_it.o
 .debug_line    0x0000292b      0x849 ./Core/Src/system_stm32f4xx.o
 .debug_line    0x00003174       0x7a ./Core/Startup/startup_stm32f411ceux.o
 .debug_line    0x000031ee      0xac5 ./Drivers/STM32F4xx_HAL_Driver/Src/stm32f4xx_hal.o
 .debug_line    0x00003cb3     0x121c ./Drivers/STM32F4xx_HAL_Driver/Src/stm32f4xx_hal_adc.o
 .debug_line    0x00004ecf      0xd95 ./Drivers/STM32F4xx_HAL_Driver/Src/stm32f4xx_hal_cortex.o
 .debug_line    0x00005c64      0xbe1 ./Drivers/STM32F4xx_HAL_Driver/Src/stm32f4xx_hal_gpio.o
 .debug_line    0x00006845     0x3b72 ./Drivers/STM32F4xx_HAL_Driver/Src/stm32f4xx_hal_i2c.o
 .debug_line    0x0000a3b7     0x1510 ./Drivers/STM32F4xx_HAL_Driver/Src/stm32f4xx_hal_pcd.o
 .debug_line    0x0000b8c7      0x88e ./Drivers/STM32F4xx_HAL_Driver/Src/stm32f4xx_hal_pcd_ex.o
 .debug_line    0x0000c155      0xed2 ./Drivers/STM32F4xx_HAL_Driver/Src/stm32f4xx_hal_rcc.o
 .debug_line    0x0000d027     0x1d60 ./Drivers/STM32F4xx_HAL_Driver/Src/stm32f4xx_hal_spi.o
 .debug_line    0x0000ed87     0x1d9d ./Drivers/STM32F4xx_HAL_Driver/Src/stm32f4xx_ll_usb.o
 .debug_line    0x00010b24      0xf32 ./Middlewares/ST/STM32_USB_Device_Library/Class/CDC/Src/usbd_cdc.o
 .debug_line    0x00011a56      0xfea ./Middlewares/ST/STM32_USB_Device_Library/Core/Src/usbd_core.o
 .debug_line    0x00012a40     0x11ac ./Middlewares/ST/STM32_USB_Device_Library/Core/Src/usbd_ctlreq.o